TimeQuest Timing Analyzer report for MIC1
Thu Jun 26 15:38:48 2025
Quartus II 64-Bit Version 13.0.1 Build 232 06/12/2013 Service Pack 1 SJ Web Edition


---------------------
; Table of Contents ;
---------------------
  1. Legal Notice
  2. TimeQuest Timing Analyzer Summary
  3. Parallel Compilation
  4. Clocks
  5. Slow Model Fmax Summary
  6. Slow Model Setup Summary
  7. Slow Model Hold Summary
  8. Slow Model Recovery Summary
  9. Slow Model Removal Summary
 10. Slow Model Minimum Pulse Width Summary
 11. Propagation Delay
 12. Minimum Propagation Delay
 13. Fast Model Setup Summary
 14. Fast Model Hold Summary
 15. Fast Model Recovery Summary
 16. Fast Model Removal Summary
 17. Fast Model Minimum Pulse Width Summary
 18. Propagation Delay
 19. Minimum Propagation Delay
 20. Multicorner Timing Analysis Summary
 21. Progagation Delay
 22. Minimum Progagation Delay
 23. Clock Transfers
 24. Report TCCS
 25. Report RSKM
 26. Unconstrained Paths
 27. TimeQuest Timing Analyzer Messages



----------------
; Legal Notice ;
----------------
Copyright (C) 1991-2013 Altera Corporation
Your use of Altera Corporation's design tools, logic functions 
and other software and tools, and its AMPP partner logic 
functions, and any output files from any of the foregoing 
(including device programming or simulation files), and any 
associated documentation or information are expressly subject 
to the terms and conditions of the Altera Program License 
Subscription Agreement, Altera MegaCore Function License 
Agreement, or other applicable license agreement, including, 
without limitation, that your use is for the sole purpose of 
programming logic devices manufactured by Altera and sold by 
Altera or its authorized distributors.  Please refer to the 
applicable agreement for further details.



+----------------------------------------------------------------------------------------+
; TimeQuest Timing Analyzer Summary                                                      ;
+--------------------+-------------------------------------------------------------------+
; Quartus II Version ; Version 13.0.1 Build 232 06/12/2013 Service Pack 1 SJ Web Edition ;
; Revision Name      ; MIC1                                                              ;
; Device Family      ; Cyclone II                                                        ;
; Device Name        ; EP2C5F256C6                                                       ;
; Timing Models      ; Final                                                             ;
; Delay Model        ; Combined                                                          ;
; Rise/Fall Delays   ; Unavailable                                                       ;
+--------------------+-------------------------------------------------------------------+


Parallel compilation was disabled, but you have multiple processors available. Enable parallel compilation to reduce compilation time.
+-------------------------------------+
; Parallel Compilation                ;
+----------------------------+--------+
; Processors                 ; Number ;
+----------------------------+--------+
; Number detected on machine ; 8      ;
; Maximum allowed            ; 1      ;
+----------------------------+--------+


----------
; Clocks ;
----------
No clocks to report.


---------------------------
; Slow Model Fmax Summary ;
---------------------------
No paths to report.


----------------------------
; Slow Model Setup Summary ;
----------------------------
No paths to report.


---------------------------
; Slow Model Hold Summary ;
---------------------------
No paths to report.


-------------------------------
; Slow Model Recovery Summary ;
-------------------------------
No paths to report.


------------------------------
; Slow Model Removal Summary ;
------------------------------
No paths to report.


------------------------------------------
; Slow Model Minimum Pulse Width Summary ;
------------------------------------------
No paths to report.


+--------------------------------------------------------------+
; Propagation Delay                                            ;
+------------+-------------+--------+--------+--------+--------+
; Input Port ; Output Port ; RR     ; RF     ; FR     ; FF     ;
+------------+-------------+--------+--------+--------+--------+
; INPUT[0]   ; OUTPUT[0]   ; 9.475  ;        ;        ; 9.475  ;
; INPUT[0]   ; OUTPUT[8]   ; 9.890  ;        ;        ; 9.890  ;
; INPUT[1]   ; OUTPUT[0]   ; 9.408  ;        ;        ; 9.408  ;
; INPUT[1]   ; OUTPUT[1]   ; 9.569  ;        ;        ; 9.569  ;
; INPUT[1]   ; OUTPUT[9]   ; 9.995  ;        ;        ; 9.995  ;
; INPUT[2]   ; OUTPUT[1]   ; 9.411  ;        ;        ; 9.411  ;
; INPUT[2]   ; OUTPUT[2]   ; 9.183  ;        ;        ; 9.183  ;
; INPUT[2]   ; OUTPUT[10]  ; 9.503  ;        ;        ; 9.503  ;
; INPUT[3]   ; OUTPUT[2]   ; 10.045 ;        ;        ; 10.045 ;
; INPUT[3]   ; OUTPUT[3]   ; 9.526  ;        ;        ; 9.526  ;
; INPUT[3]   ; OUTPUT[11]  ; 9.834  ;        ;        ; 9.834  ;
; INPUT[4]   ; OUTPUT[3]   ; 9.634  ;        ;        ; 9.634  ;
; INPUT[4]   ; OUTPUT[4]   ; 9.399  ;        ;        ; 9.399  ;
; INPUT[4]   ; OUTPUT[12]  ; 9.813  ;        ;        ; 9.813  ;
; INPUT[5]   ; OUTPUT[4]   ; 9.183  ;        ;        ; 9.183  ;
; INPUT[5]   ; OUTPUT[5]   ; 10.133 ;        ;        ; 10.133 ;
; INPUT[5]   ; OUTPUT[13]  ; 10.829 ;        ;        ; 10.829 ;
; INPUT[6]   ; OUTPUT[5]   ; 9.314  ;        ;        ; 9.314  ;
; INPUT[6]   ; OUTPUT[6]   ; 9.303  ;        ;        ; 9.303  ;
; INPUT[6]   ; OUTPUT[14]  ; 9.471  ;        ;        ; 9.471  ;
; INPUT[7]   ; OUTPUT[6]   ; 9.302  ;        ;        ; 9.302  ;
; INPUT[7]   ; OUTPUT[7]   ; 9.078  ;        ;        ; 9.078  ;
; INPUT[7]   ; OUTPUT[15]  ; 9.566  ;        ;        ; 9.566  ;
; INPUT[8]   ; OUTPUT[7]   ; 9.136  ;        ;        ; 9.136  ;
; INPUT[8]   ; OUTPUT[8]   ; 8.782  ;        ;        ; 8.782  ;
; INPUT[8]   ; OUTPUT[16]  ; 9.489  ;        ;        ; 9.489  ;
; INPUT[9]   ; OUTPUT[8]   ; 10.033 ;        ;        ; 10.033 ;
; INPUT[9]   ; OUTPUT[9]   ; 9.819  ;        ;        ; 9.819  ;
; INPUT[9]   ; OUTPUT[17]  ; 10.615 ;        ;        ; 10.615 ;
; INPUT[10]  ; OUTPUT[9]   ; 9.570  ;        ;        ; 9.570  ;
; INPUT[10]  ; OUTPUT[10]  ; 8.572  ;        ;        ; 8.572  ;
; INPUT[10]  ; OUTPUT[18]  ; 9.344  ;        ;        ; 9.344  ;
; INPUT[11]  ; OUTPUT[10]  ; 10.369 ;        ;        ; 10.369 ;
; INPUT[11]  ; OUTPUT[11]  ; 9.640  ;        ;        ; 9.640  ;
; INPUT[11]  ; OUTPUT[19]  ; 12.359 ;        ;        ; 12.359 ;
; INPUT[12]  ; OUTPUT[11]  ; 10.297 ;        ;        ; 10.297 ;
; INPUT[12]  ; OUTPUT[12]  ; 9.911  ;        ;        ; 9.911  ;
; INPUT[12]  ; OUTPUT[20]  ; 10.817 ;        ;        ; 10.817 ;
; INPUT[13]  ; OUTPUT[12]  ; 10.561 ;        ;        ; 10.561 ;
; INPUT[13]  ; OUTPUT[13]  ; 9.916  ;        ;        ; 9.916  ;
; INPUT[13]  ; OUTPUT[21]  ; 10.554 ;        ;        ; 10.554 ;
; INPUT[14]  ; OUTPUT[13]  ; 11.226 ;        ;        ; 11.226 ;
; INPUT[14]  ; OUTPUT[14]  ; 10.152 ;        ;        ; 10.152 ;
; INPUT[14]  ; OUTPUT[22]  ; 10.441 ;        ;        ; 10.441 ;
; INPUT[15]  ; OUTPUT[14]  ; 10.394 ;        ;        ; 10.394 ;
; INPUT[15]  ; OUTPUT[15]  ; 9.732  ;        ;        ; 9.732  ;
; INPUT[15]  ; OUTPUT[23]  ; 10.554 ;        ;        ; 10.554 ;
; INPUT[16]  ; OUTPUT[15]  ; 9.612  ;        ;        ; 9.612  ;
; INPUT[16]  ; OUTPUT[16]  ; 8.797  ;        ;        ; 8.797  ;
; INPUT[16]  ; OUTPUT[24]  ; 9.525  ;        ;        ; 9.525  ;
; INPUT[17]  ; OUTPUT[16]  ; 9.604  ;        ;        ; 9.604  ;
; INPUT[17]  ; OUTPUT[17]  ; 9.511  ;        ;        ; 9.511  ;
; INPUT[17]  ; OUTPUT[25]  ; 9.812  ;        ;        ; 9.812  ;
; INPUT[18]  ; OUTPUT[17]  ; 10.514 ;        ;        ; 10.514 ;
; INPUT[18]  ; OUTPUT[18]  ; 9.397  ;        ;        ; 9.397  ;
; INPUT[18]  ; OUTPUT[26]  ; 10.876 ;        ;        ; 10.876 ;
; INPUT[19]  ; OUTPUT[18]  ; 9.877  ;        ;        ; 9.877  ;
; INPUT[19]  ; OUTPUT[19]  ; 9.709  ;        ;        ; 9.709  ;
; INPUT[19]  ; OUTPUT[27]  ; 9.756  ;        ;        ; 9.756  ;
; INPUT[20]  ; OUTPUT[19]  ; 11.724 ;        ;        ; 11.724 ;
; INPUT[20]  ; OUTPUT[20]  ; 9.660  ;        ;        ; 9.660  ;
; INPUT[20]  ; OUTPUT[28]  ; 10.110 ;        ;        ; 10.110 ;
; INPUT[21]  ; OUTPUT[20]  ; 10.118 ;        ;        ; 10.118 ;
; INPUT[21]  ; OUTPUT[21]  ; 9.449  ;        ;        ; 9.449  ;
; INPUT[21]  ; OUTPUT[29]  ; 10.114 ;        ;        ; 10.114 ;
; INPUT[22]  ; OUTPUT[21]  ; 10.318 ;        ;        ; 10.318 ;
; INPUT[22]  ; OUTPUT[22]  ; 9.162  ;        ;        ; 9.162  ;
; INPUT[22]  ; OUTPUT[30]  ; 9.861  ;        ;        ; 9.861  ;
; INPUT[23]  ; OUTPUT[22]  ; 10.088 ;        ;        ; 10.088 ;
; INPUT[23]  ; OUTPUT[23]  ; 9.367  ;        ;        ; 9.367  ;
; INPUT[23]  ; OUTPUT[31]  ; 9.902  ;        ;        ; 9.902  ;
; INPUT[24]  ; OUTPUT[23]  ; 10.602 ;        ;        ; 10.602 ;
; INPUT[24]  ; OUTPUT[24]  ; 10.084 ;        ;        ; 10.084 ;
; INPUT[25]  ; OUTPUT[24]  ; 10.027 ;        ;        ; 10.027 ;
; INPUT[25]  ; OUTPUT[25]  ; 9.634  ;        ;        ; 9.634  ;
; INPUT[26]  ; OUTPUT[25]  ; 9.882  ;        ;        ; 9.882  ;
; INPUT[26]  ; OUTPUT[26]  ; 9.291  ;        ;        ; 9.291  ;
; INPUT[27]  ; OUTPUT[26]  ; 10.682 ;        ;        ; 10.682 ;
; INPUT[27]  ; OUTPUT[27]  ; 9.183  ;        ;        ; 9.183  ;
; INPUT[28]  ; OUTPUT[27]  ; 10.235 ;        ;        ; 10.235 ;
; INPUT[28]  ; OUTPUT[28]  ; 9.431  ;        ;        ; 9.431  ;
; INPUT[29]  ; OUTPUT[28]  ; 10.382 ;        ;        ; 10.382 ;
; INPUT[29]  ; OUTPUT[29]  ; 10.093 ;        ;        ; 10.093 ;
; INPUT[30]  ; OUTPUT[29]  ; 10.281 ;        ;        ; 10.281 ;
; INPUT[30]  ; OUTPUT[30]  ; 10.382 ;        ;        ; 10.382 ;
; INPUT[31]  ; OUTPUT[30]  ; 10.555 ;        ;        ; 10.555 ;
; INPUT[31]  ; OUTPUT[31]  ; 9.913  ;        ;        ; 9.913  ;
; SLL8       ; OUTPUT[0]   ; 10.157 ; 10.157 ; 10.157 ; 10.157 ;
; SLL8       ; OUTPUT[1]   ; 10.705 ; 10.705 ; 10.705 ; 10.705 ;
; SLL8       ; OUTPUT[2]   ; 10.476 ; 10.476 ; 10.476 ; 10.476 ;
; SLL8       ; OUTPUT[3]   ; 10.770 ; 10.770 ; 10.770 ; 10.770 ;
; SLL8       ; OUTPUT[4]   ; 10.365 ; 10.365 ; 10.365 ; 10.365 ;
; SLL8       ; OUTPUT[5]   ; 10.934 ; 10.934 ; 10.934 ; 10.934 ;
; SLL8       ; OUTPUT[6]   ; 10.932 ; 10.932 ; 10.932 ; 10.932 ;
; SLL8       ; OUTPUT[7]   ; 10.710 ; 10.710 ; 10.710 ; 10.710 ;
; SLL8       ; OUTPUT[8]   ; 10.569 ; 10.569 ; 10.569 ; 10.569 ;
; SLL8       ; OUTPUT[9]   ; 11.099 ; 11.099 ; 11.099 ; 11.099 ;
; SLL8       ; OUTPUT[10]  ; 10.794 ; 10.794 ; 10.794 ; 10.794 ;
; SLL8       ; OUTPUT[11]  ; 10.771 ; 10.771 ; 10.771 ; 10.771 ;
; SLL8       ; OUTPUT[12]  ; 11.053 ; 11.053 ; 11.053 ; 11.053 ;
; SLL8       ; OUTPUT[13]  ; 11.761 ; 11.761 ; 11.761 ; 11.761 ;
; SLL8       ; OUTPUT[14]  ; 11.098 ; 11.098 ; 11.098 ; 11.098 ;
; SLL8       ; OUTPUT[15]  ; 11.164 ; 11.164 ; 11.164 ; 11.164 ;
; SLL8       ; OUTPUT[16]  ; 11.043 ; 11.043 ; 11.043 ; 11.043 ;
; SLL8       ; OUTPUT[17]  ; 11.508 ; 11.508 ; 11.508 ; 11.508 ;
; SLL8       ; OUTPUT[18]  ; 10.916 ; 10.916 ; 10.916 ; 10.916 ;
; SLL8       ; OUTPUT[19]  ; 12.932 ; 12.932 ; 12.932 ; 12.932 ;
; SLL8       ; OUTPUT[20]  ; 11.336 ; 11.336 ; 11.336 ; 11.336 ;
; SLL8       ; OUTPUT[21]  ; 11.368 ; 11.368 ; 11.368 ; 11.368 ;
; SLL8       ; OUTPUT[22]  ; 11.165 ; 11.165 ; 11.165 ; 11.165 ;
; SLL8       ; OUTPUT[23]  ; 11.368 ; 11.368 ; 11.368 ; 11.368 ;
; SLL8       ; OUTPUT[24]  ; 11.116 ; 11.116 ; 11.116 ; 11.116 ;
; SLL8       ; OUTPUT[25]  ; 10.949 ; 10.949 ; 10.949 ; 10.949 ;
; SLL8       ; OUTPUT[26]  ; 11.584 ; 11.584 ; 11.584 ; 11.584 ;
; SLL8       ; OUTPUT[27]  ; 10.756 ; 10.756 ; 10.756 ; 10.756 ;
; SLL8       ; OUTPUT[28]  ; 10.857 ; 10.857 ; 10.857 ; 10.857 ;
; SLL8       ; OUTPUT[29]  ; 11.368 ; 11.368 ; 11.368 ; 11.368 ;
; SLL8       ; OUTPUT[30]  ; 11.304 ; 11.304 ; 11.304 ; 11.304 ;
; SLL8       ; OUTPUT[31]  ; 10.654 ; 10.654 ; 10.654 ; 10.654 ;
; SRA1       ; OUTPUT[0]   ; 10.183 ; 10.183 ; 10.183 ; 10.183 ;
; SRA1       ; OUTPUT[1]   ; 10.625 ; 10.625 ; 10.625 ; 10.625 ;
; SRA1       ; OUTPUT[2]   ; 10.257 ; 10.257 ; 10.257 ; 10.257 ;
; SRA1       ; OUTPUT[3]   ; 10.375 ; 10.375 ; 10.375 ; 10.375 ;
; SRA1       ; OUTPUT[4]   ; 10.436 ; 10.436 ; 10.436 ; 10.436 ;
; SRA1       ; OUTPUT[5]   ; 10.596 ; 10.596 ; 10.596 ; 10.596 ;
; SRA1       ; OUTPUT[6]   ; 10.592 ; 10.592 ; 10.592 ; 10.592 ;
; SRA1       ; OUTPUT[7]   ; 10.369 ; 10.369 ; 10.369 ; 10.369 ;
; SRA1       ; OUTPUT[8]   ; 10.587 ; 10.587 ; 10.587 ; 10.587 ;
; SRA1       ; OUTPUT[9]   ; 11.037 ; 11.037 ; 11.037 ; 11.037 ;
; SRA1       ; OUTPUT[10]  ; 10.681 ; 10.681 ; 10.681 ; 10.681 ;
; SRA1       ; OUTPUT[11]  ; 10.544 ; 10.544 ; 10.544 ; 10.544 ;
; SRA1       ; OUTPUT[12]  ; 11.095 ; 11.095 ; 11.095 ; 11.095 ;
; SRA1       ; OUTPUT[13]  ; 11.192 ; 11.192 ; 11.192 ; 11.192 ;
; SRA1       ; OUTPUT[14]  ; 10.758 ; 10.758 ; 10.758 ; 10.758 ;
; SRA1       ; OUTPUT[15]  ; 10.855 ; 10.855 ; 10.855 ; 10.855 ;
; SRA1       ; OUTPUT[16]  ; 10.812 ; 10.812 ; 10.812 ; 10.812 ;
; SRA1       ; OUTPUT[17]  ; 11.446 ; 11.446 ; 11.446 ; 11.446 ;
; SRA1       ; OUTPUT[18]  ; 10.806 ; 10.806 ; 10.806 ; 10.806 ;
; SRA1       ; OUTPUT[19]  ; 12.690 ; 12.690 ; 12.690 ; 12.690 ;
; SRA1       ; OUTPUT[20]  ; 11.013 ; 11.013 ; 11.013 ; 11.013 ;
; SRA1       ; OUTPUT[21]  ; 11.014 ; 11.014 ; 11.014 ; 11.014 ;
; SRA1       ; OUTPUT[22]  ; 10.809 ; 10.809 ; 10.809 ; 10.809 ;
; SRA1       ; OUTPUT[23]  ; 11.014 ; 11.014 ; 11.014 ; 11.014 ;
; SRA1       ; OUTPUT[24]  ; 10.777 ; 10.777 ; 10.777 ; 10.777 ;
; SRA1       ; OUTPUT[25]  ; 10.537 ; 10.537 ; 10.537 ; 10.537 ;
; SRA1       ; OUTPUT[26]  ; 11.399 ; 11.399 ; 11.399 ; 11.399 ;
; SRA1       ; OUTPUT[27]  ; 10.708 ; 10.708 ; 10.708 ; 10.708 ;
; SRA1       ; OUTPUT[28]  ; 10.945 ; 10.945 ; 10.945 ; 10.945 ;
; SRA1       ; OUTPUT[29]  ; 11.011 ; 11.011 ; 11.011 ; 11.011 ;
; SRA1       ; OUTPUT[30]  ; 11.367 ; 11.367 ; 11.367 ; 11.367 ;
; SRA1       ; OUTPUT[31]  ; 10.601 ; 10.601 ; 10.601 ; 10.601 ;
+------------+-------------+--------+--------+--------+--------+


+--------------------------------------------------------------+
; Minimum Propagation Delay                                    ;
+------------+-------------+--------+--------+--------+--------+
; Input Port ; Output Port ; RR     ; RF     ; FR     ; FF     ;
+------------+-------------+--------+--------+--------+--------+
; INPUT[0]   ; OUTPUT[0]   ; 9.475  ;        ;        ; 9.475  ;
; INPUT[0]   ; OUTPUT[8]   ; 9.890  ;        ;        ; 9.890  ;
; INPUT[1]   ; OUTPUT[0]   ; 9.408  ;        ;        ; 9.408  ;
; INPUT[1]   ; OUTPUT[1]   ; 9.569  ;        ;        ; 9.569  ;
; INPUT[1]   ; OUTPUT[9]   ; 9.995  ;        ;        ; 9.995  ;
; INPUT[2]   ; OUTPUT[1]   ; 9.411  ;        ;        ; 9.411  ;
; INPUT[2]   ; OUTPUT[2]   ; 9.183  ;        ;        ; 9.183  ;
; INPUT[2]   ; OUTPUT[10]  ; 9.503  ;        ;        ; 9.503  ;
; INPUT[3]   ; OUTPUT[2]   ; 10.045 ;        ;        ; 10.045 ;
; INPUT[3]   ; OUTPUT[3]   ; 9.526  ;        ;        ; 9.526  ;
; INPUT[3]   ; OUTPUT[11]  ; 9.834  ;        ;        ; 9.834  ;
; INPUT[4]   ; OUTPUT[3]   ; 9.634  ;        ;        ; 9.634  ;
; INPUT[4]   ; OUTPUT[4]   ; 9.399  ;        ;        ; 9.399  ;
; INPUT[4]   ; OUTPUT[12]  ; 9.813  ;        ;        ; 9.813  ;
; INPUT[5]   ; OUTPUT[4]   ; 9.183  ;        ;        ; 9.183  ;
; INPUT[5]   ; OUTPUT[5]   ; 10.133 ;        ;        ; 10.133 ;
; INPUT[5]   ; OUTPUT[13]  ; 10.829 ;        ;        ; 10.829 ;
; INPUT[6]   ; OUTPUT[5]   ; 9.314  ;        ;        ; 9.314  ;
; INPUT[6]   ; OUTPUT[6]   ; 9.303  ;        ;        ; 9.303  ;
; INPUT[6]   ; OUTPUT[14]  ; 9.471  ;        ;        ; 9.471  ;
; INPUT[7]   ; OUTPUT[6]   ; 9.302  ;        ;        ; 9.302  ;
; INPUT[7]   ; OUTPUT[7]   ; 9.078  ;        ;        ; 9.078  ;
; INPUT[7]   ; OUTPUT[15]  ; 9.566  ;        ;        ; 9.566  ;
; INPUT[8]   ; OUTPUT[7]   ; 9.136  ;        ;        ; 9.136  ;
; INPUT[8]   ; OUTPUT[8]   ; 8.782  ;        ;        ; 8.782  ;
; INPUT[8]   ; OUTPUT[16]  ; 9.489  ;        ;        ; 9.489  ;
; INPUT[9]   ; OUTPUT[8]   ; 10.033 ;        ;        ; 10.033 ;
; INPUT[9]   ; OUTPUT[9]   ; 9.819  ;        ;        ; 9.819  ;
; INPUT[9]   ; OUTPUT[17]  ; 10.615 ;        ;        ; 10.615 ;
; INPUT[10]  ; OUTPUT[9]   ; 9.570  ;        ;        ; 9.570  ;
; INPUT[10]  ; OUTPUT[10]  ; 8.572  ;        ;        ; 8.572  ;
; INPUT[10]  ; OUTPUT[18]  ; 9.344  ;        ;        ; 9.344  ;
; INPUT[11]  ; OUTPUT[10]  ; 10.369 ;        ;        ; 10.369 ;
; INPUT[11]  ; OUTPUT[11]  ; 9.640  ;        ;        ; 9.640  ;
; INPUT[11]  ; OUTPUT[19]  ; 12.359 ;        ;        ; 12.359 ;
; INPUT[12]  ; OUTPUT[11]  ; 10.297 ;        ;        ; 10.297 ;
; INPUT[12]  ; OUTPUT[12]  ; 9.911  ;        ;        ; 9.911  ;
; INPUT[12]  ; OUTPUT[20]  ; 10.817 ;        ;        ; 10.817 ;
; INPUT[13]  ; OUTPUT[12]  ; 10.561 ;        ;        ; 10.561 ;
; INPUT[13]  ; OUTPUT[13]  ; 9.916  ;        ;        ; 9.916  ;
; INPUT[13]  ; OUTPUT[21]  ; 10.554 ;        ;        ; 10.554 ;
; INPUT[14]  ; OUTPUT[13]  ; 11.226 ;        ;        ; 11.226 ;
; INPUT[14]  ; OUTPUT[14]  ; 10.152 ;        ;        ; 10.152 ;
; INPUT[14]  ; OUTPUT[22]  ; 10.441 ;        ;        ; 10.441 ;
; INPUT[15]  ; OUTPUT[14]  ; 10.394 ;        ;        ; 10.394 ;
; INPUT[15]  ; OUTPUT[15]  ; 9.732  ;        ;        ; 9.732  ;
; INPUT[15]  ; OUTPUT[23]  ; 10.554 ;        ;        ; 10.554 ;
; INPUT[16]  ; OUTPUT[15]  ; 9.612  ;        ;        ; 9.612  ;
; INPUT[16]  ; OUTPUT[16]  ; 8.797  ;        ;        ; 8.797  ;
; INPUT[16]  ; OUTPUT[24]  ; 9.525  ;        ;        ; 9.525  ;
; INPUT[17]  ; OUTPUT[16]  ; 9.604  ;        ;        ; 9.604  ;
; INPUT[17]  ; OUTPUT[17]  ; 9.511  ;        ;        ; 9.511  ;
; INPUT[17]  ; OUTPUT[25]  ; 9.812  ;        ;        ; 9.812  ;
; INPUT[18]  ; OUTPUT[17]  ; 10.514 ;        ;        ; 10.514 ;
; INPUT[18]  ; OUTPUT[18]  ; 9.397  ;        ;        ; 9.397  ;
; INPUT[18]  ; OUTPUT[26]  ; 10.876 ;        ;        ; 10.876 ;
; INPUT[19]  ; OUTPUT[18]  ; 9.877  ;        ;        ; 9.877  ;
; INPUT[19]  ; OUTPUT[19]  ; 9.709  ;        ;        ; 9.709  ;
; INPUT[19]  ; OUTPUT[27]  ; 9.756  ;        ;        ; 9.756  ;
; INPUT[20]  ; OUTPUT[19]  ; 11.724 ;        ;        ; 11.724 ;
; INPUT[20]  ; OUTPUT[20]  ; 9.660  ;        ;        ; 9.660  ;
; INPUT[20]  ; OUTPUT[28]  ; 10.110 ;        ;        ; 10.110 ;
; INPUT[21]  ; OUTPUT[20]  ; 10.118 ;        ;        ; 10.118 ;
; INPUT[21]  ; OUTPUT[21]  ; 9.449  ;        ;        ; 9.449  ;
; INPUT[21]  ; OUTPUT[29]  ; 10.114 ;        ;        ; 10.114 ;
; INPUT[22]  ; OUTPUT[21]  ; 10.318 ;        ;        ; 10.318 ;
; INPUT[22]  ; OUTPUT[22]  ; 9.162  ;        ;        ; 9.162  ;
; INPUT[22]  ; OUTPUT[30]  ; 9.861  ;        ;        ; 9.861  ;
; INPUT[23]  ; OUTPUT[22]  ; 10.088 ;        ;        ; 10.088 ;
; INPUT[23]  ; OUTPUT[23]  ; 9.367  ;        ;        ; 9.367  ;
; INPUT[23]  ; OUTPUT[31]  ; 9.902  ;        ;        ; 9.902  ;
; INPUT[24]  ; OUTPUT[23]  ; 10.602 ;        ;        ; 10.602 ;
; INPUT[24]  ; OUTPUT[24]  ; 10.084 ;        ;        ; 10.084 ;
; INPUT[25]  ; OUTPUT[24]  ; 10.027 ;        ;        ; 10.027 ;
; INPUT[25]  ; OUTPUT[25]  ; 9.634  ;        ;        ; 9.634  ;
; INPUT[26]  ; OUTPUT[25]  ; 9.882  ;        ;        ; 9.882  ;
; INPUT[26]  ; OUTPUT[26]  ; 9.291  ;        ;        ; 9.291  ;
; INPUT[27]  ; OUTPUT[26]  ; 10.682 ;        ;        ; 10.682 ;
; INPUT[27]  ; OUTPUT[27]  ; 9.183  ;        ;        ; 9.183  ;
; INPUT[28]  ; OUTPUT[27]  ; 10.235 ;        ;        ; 10.235 ;
; INPUT[28]  ; OUTPUT[28]  ; 9.431  ;        ;        ; 9.431  ;
; INPUT[29]  ; OUTPUT[28]  ; 10.382 ;        ;        ; 10.382 ;
; INPUT[29]  ; OUTPUT[29]  ; 10.093 ;        ;        ; 10.093 ;
; INPUT[30]  ; OUTPUT[29]  ; 10.281 ;        ;        ; 10.281 ;
; INPUT[30]  ; OUTPUT[30]  ; 10.382 ;        ;        ; 10.382 ;
; INPUT[31]  ; OUTPUT[30]  ; 10.555 ;        ;        ; 10.555 ;
; INPUT[31]  ; OUTPUT[31]  ; 9.913  ;        ;        ; 9.913  ;
; SLL8       ; OUTPUT[0]   ; 10.157 ; 10.157 ; 10.157 ; 10.157 ;
; SLL8       ; OUTPUT[1]   ; 10.705 ; 10.705 ; 10.705 ; 10.705 ;
; SLL8       ; OUTPUT[2]   ; 10.476 ; 10.476 ; 10.476 ; 10.476 ;
; SLL8       ; OUTPUT[3]   ; 10.770 ; 10.770 ; 10.770 ; 10.770 ;
; SLL8       ; OUTPUT[4]   ; 10.365 ; 10.365 ; 10.365 ; 10.365 ;
; SLL8       ; OUTPUT[5]   ; 10.934 ; 10.934 ; 10.934 ; 10.934 ;
; SLL8       ; OUTPUT[6]   ; 10.932 ; 10.932 ; 10.932 ; 10.932 ;
; SLL8       ; OUTPUT[7]   ; 10.710 ; 10.710 ; 10.710 ; 10.710 ;
; SLL8       ; OUTPUT[8]   ; 10.148 ; 10.148 ; 10.148 ; 10.148 ;
; SLL8       ; OUTPUT[9]   ; 10.743 ; 10.743 ; 10.743 ; 10.743 ;
; SLL8       ; OUTPUT[10]  ; 10.125 ; 10.125 ; 10.125 ; 10.125 ;
; SLL8       ; OUTPUT[11]  ; 10.384 ; 10.384 ; 10.384 ; 10.384 ;
; SLL8       ; OUTPUT[12]  ; 10.384 ; 10.384 ; 10.384 ; 10.384 ;
; SLL8       ; OUTPUT[13]  ; 10.390 ; 10.390 ; 10.390 ; 10.390 ;
; SLL8       ; OUTPUT[14]  ; 10.706 ; 10.706 ; 10.706 ; 10.706 ;
; SLL8       ; OUTPUT[15]  ; 10.689 ; 10.689 ; 10.689 ; 10.689 ;
; SLL8       ; OUTPUT[16]  ; 10.375 ; 10.375 ; 10.375 ; 10.375 ;
; SLL8       ; OUTPUT[17]  ; 10.955 ; 10.955 ; 10.955 ; 10.955 ;
; SLL8       ; OUTPUT[18]  ; 10.399 ; 10.399 ; 10.399 ; 10.399 ;
; SLL8       ; OUTPUT[19]  ; 10.742 ; 10.742 ; 10.742 ; 10.742 ;
; SLL8       ; OUTPUT[20]  ; 10.406 ; 10.406 ; 10.406 ; 10.406 ;
; SLL8       ; OUTPUT[21]  ; 10.705 ; 10.705 ; 10.705 ; 10.705 ;
; SLL8       ; OUTPUT[22]  ; 10.475 ; 10.475 ; 10.475 ; 10.475 ;
; SLL8       ; OUTPUT[23]  ; 10.702 ; 10.702 ; 10.702 ; 10.702 ;
; SLL8       ; OUTPUT[24]  ; 10.727 ; 10.727 ; 10.727 ; 10.727 ;
; SLL8       ; OUTPUT[25]  ; 10.719 ; 10.719 ; 10.719 ; 10.719 ;
; SLL8       ; OUTPUT[26]  ; 10.707 ; 10.707 ; 10.707 ; 10.707 ;
; SLL8       ; OUTPUT[27]  ; 10.134 ; 10.134 ; 10.134 ; 10.134 ;
; SLL8       ; OUTPUT[28]  ; 10.482 ; 10.482 ; 10.482 ; 10.482 ;
; SLL8       ; OUTPUT[29]  ; 10.397 ; 10.397 ; 10.397 ; 10.397 ;
; SLL8       ; OUTPUT[30]  ; 11.304 ; 10.618 ; 10.618 ; 11.304 ;
; SLL8       ; OUTPUT[31]  ; 10.654 ; 10.654 ; 10.654 ; 10.654 ;
; SRA1       ; OUTPUT[0]   ; 10.183 ; 10.183 ; 10.183 ; 10.183 ;
; SRA1       ; OUTPUT[1]   ; 10.625 ; 10.625 ; 10.625 ; 10.625 ;
; SRA1       ; OUTPUT[2]   ; 10.257 ; 10.257 ; 10.257 ; 10.257 ;
; SRA1       ; OUTPUT[3]   ; 10.375 ; 10.375 ; 10.375 ; 10.375 ;
; SRA1       ; OUTPUT[4]   ; 10.436 ; 10.436 ; 10.436 ; 10.436 ;
; SRA1       ; OUTPUT[5]   ; 10.596 ; 10.596 ; 10.596 ; 10.596 ;
; SRA1       ; OUTPUT[6]   ; 10.592 ; 10.592 ; 10.592 ; 10.592 ;
; SRA1       ; OUTPUT[7]   ; 10.369 ; 10.369 ; 10.369 ; 10.369 ;
; SRA1       ; OUTPUT[8]   ; 9.928  ; 9.928  ; 9.928  ; 9.928  ;
; SRA1       ; OUTPUT[9]   ; 10.662 ; 10.662 ; 10.662 ; 10.662 ;
; SRA1       ; OUTPUT[10]  ; 9.903  ; 9.903  ; 9.903  ; 9.903  ;
; SRA1       ; OUTPUT[11]  ; 10.458 ; 10.458 ; 10.458 ; 10.458 ;
; SRA1       ; OUTPUT[12]  ; 10.152 ; 10.152 ; 10.152 ; 10.152 ;
; SRA1       ; OUTPUT[13]  ; 10.480 ; 10.480 ; 10.480 ; 10.480 ;
; SRA1       ; OUTPUT[14]  ; 10.361 ; 10.361 ; 10.361 ; 10.361 ;
; SRA1       ; OUTPUT[15]  ; 10.495 ; 10.495 ; 10.495 ; 10.495 ;
; SRA1       ; OUTPUT[16]  ; 10.035 ; 10.035 ; 10.035 ; 10.035 ;
; SRA1       ; OUTPUT[17]  ; 10.757 ; 10.757 ; 10.757 ; 10.757 ;
; SRA1       ; OUTPUT[18]  ; 10.330 ; 10.330 ; 10.330 ; 10.330 ;
; SRA1       ; OUTPUT[19]  ; 10.668 ; 10.668 ; 10.668 ; 10.668 ;
; SRA1       ; OUTPUT[20]  ; 10.348 ; 10.348 ; 10.348 ; 10.348 ;
; SRA1       ; OUTPUT[21]  ; 10.347 ; 10.347 ; 10.347 ; 10.347 ;
; SRA1       ; OUTPUT[22]  ; 10.119 ; 10.119 ; 10.119 ; 10.119 ;
; SRA1       ; OUTPUT[23]  ; 10.346 ; 10.346 ; 10.346 ; 10.346 ;
; SRA1       ; OUTPUT[24]  ; 10.381 ; 10.381 ; 10.381 ; 10.381 ;
; SRA1       ; OUTPUT[25]  ; 10.377 ; 10.377 ; 10.377 ; 10.377 ;
; SRA1       ; OUTPUT[26]  ; 10.119 ; 10.119 ; 10.119 ; 10.119 ;
; SRA1       ; OUTPUT[27]  ; 9.913  ; 9.913  ; 9.913  ; 9.913  ;
; SRA1       ; OUTPUT[28]  ; 10.126 ; 10.126 ; 10.126 ; 10.126 ;
; SRA1       ; OUTPUT[29]  ; 10.340 ; 10.340 ; 10.340 ; 10.340 ;
; SRA1       ; OUTPUT[30]  ; 10.560 ; 11.367 ; 11.367 ; 10.560 ;
; SRA1       ; OUTPUT[31]  ; 10.601 ; 10.601 ; 10.601 ; 10.601 ;
+------------+-------------+--------+--------+--------+--------+


----------------------------
; Fast Model Setup Summary ;
----------------------------
No paths to report.


---------------------------
; Fast Model Hold Summary ;
---------------------------
No paths to report.


-------------------------------
; Fast Model Recovery Summary ;
-------------------------------
No paths to report.


------------------------------
; Fast Model Removal Summary ;
------------------------------
No paths to report.


------------------------------------------
; Fast Model Minimum Pulse Width Summary ;
------------------------------------------
No paths to report.


+----------------------------------------------------------+
; Propagation Delay                                        ;
+------------+-------------+-------+-------+-------+-------+
; Input Port ; Output Port ; RR    ; RF    ; FR    ; FF    ;
+------------+-------------+-------+-------+-------+-------+
; INPUT[0]   ; OUTPUT[0]   ; 5.261 ;       ;       ; 5.261 ;
; INPUT[0]   ; OUTPUT[8]   ; 5.426 ;       ;       ; 5.426 ;
; INPUT[1]   ; OUTPUT[0]   ; 5.242 ;       ;       ; 5.242 ;
; INPUT[1]   ; OUTPUT[1]   ; 5.314 ;       ;       ; 5.314 ;
; INPUT[1]   ; OUTPUT[9]   ; 5.490 ;       ;       ; 5.490 ;
; INPUT[2]   ; OUTPUT[1]   ; 5.238 ;       ;       ; 5.238 ;
; INPUT[2]   ; OUTPUT[2]   ; 5.138 ;       ;       ; 5.138 ;
; INPUT[2]   ; OUTPUT[10]  ; 5.250 ;       ;       ; 5.250 ;
; INPUT[3]   ; OUTPUT[2]   ; 5.525 ;       ;       ; 5.525 ;
; INPUT[3]   ; OUTPUT[3]   ; 5.301 ;       ;       ; 5.301 ;
; INPUT[3]   ; OUTPUT[11]  ; 5.436 ;       ;       ; 5.436 ;
; INPUT[4]   ; OUTPUT[3]   ; 5.343 ;       ;       ; 5.343 ;
; INPUT[4]   ; OUTPUT[4]   ; 5.229 ;       ;       ; 5.229 ;
; INPUT[4]   ; OUTPUT[12]  ; 5.414 ;       ;       ; 5.414 ;
; INPUT[5]   ; OUTPUT[4]   ; 5.154 ;       ;       ; 5.154 ;
; INPUT[5]   ; OUTPUT[5]   ; 5.593 ;       ;       ; 5.593 ;
; INPUT[5]   ; OUTPUT[13]  ; 5.897 ;       ;       ; 5.897 ;
; INPUT[6]   ; OUTPUT[5]   ; 5.253 ;       ;       ; 5.253 ;
; INPUT[6]   ; OUTPUT[6]   ; 5.246 ;       ;       ; 5.246 ;
; INPUT[6]   ; OUTPUT[14]  ; 5.305 ;       ;       ; 5.305 ;
; INPUT[7]   ; OUTPUT[6]   ; 5.211 ;       ;       ; 5.211 ;
; INPUT[7]   ; OUTPUT[7]   ; 5.074 ;       ;       ; 5.074 ;
; INPUT[7]   ; OUTPUT[15]  ; 5.277 ;       ;       ; 5.277 ;
; INPUT[8]   ; OUTPUT[7]   ; 5.122 ;       ;       ; 5.122 ;
; INPUT[8]   ; OUTPUT[8]   ; 4.944 ;       ;       ; 4.944 ;
; INPUT[8]   ; OUTPUT[16]  ; 5.249 ;       ;       ; 5.249 ;
; INPUT[9]   ; OUTPUT[8]   ; 5.500 ;       ;       ; 5.500 ;
; INPUT[9]   ; OUTPUT[9]   ; 5.425 ;       ;       ; 5.425 ;
; INPUT[9]   ; OUTPUT[17]  ; 5.819 ;       ;       ; 5.819 ;
; INPUT[10]  ; OUTPUT[9]   ; 5.300 ;       ;       ; 5.300 ;
; INPUT[10]  ; OUTPUT[10]  ; 4.857 ;       ;       ; 4.857 ;
; INPUT[10]  ; OUTPUT[18]  ; 5.191 ;       ;       ; 5.191 ;
; INPUT[11]  ; OUTPUT[10]  ; 5.643 ;       ;       ; 5.643 ;
; INPUT[11]  ; OUTPUT[11]  ; 5.351 ;       ;       ; 5.351 ;
; INPUT[11]  ; OUTPUT[19]  ; 6.569 ;       ;       ; 6.569 ;
; INPUT[12]  ; OUTPUT[11]  ; 5.632 ;       ;       ; 5.632 ;
; INPUT[12]  ; OUTPUT[12]  ; 5.471 ;       ;       ; 5.471 ;
; INPUT[12]  ; OUTPUT[20]  ; 5.884 ;       ;       ; 5.884 ;
; INPUT[13]  ; OUTPUT[12]  ; 5.763 ;       ;       ; 5.763 ;
; INPUT[13]  ; OUTPUT[13]  ; 5.494 ;       ;       ; 5.494 ;
; INPUT[13]  ; OUTPUT[21]  ; 5.765 ;       ;       ; 5.765 ;
; INPUT[14]  ; OUTPUT[13]  ; 6.078 ;       ;       ; 6.078 ;
; INPUT[14]  ; OUTPUT[14]  ; 5.594 ;       ;       ; 5.594 ;
; INPUT[14]  ; OUTPUT[22]  ; 5.733 ;       ;       ; 5.733 ;
; INPUT[15]  ; OUTPUT[14]  ; 5.688 ;       ;       ; 5.688 ;
; INPUT[15]  ; OUTPUT[15]  ; 5.366 ;       ;       ; 5.366 ;
; INPUT[15]  ; OUTPUT[23]  ; 5.765 ;       ;       ; 5.765 ;
; INPUT[16]  ; OUTPUT[15]  ; 5.316 ;       ;       ; 5.316 ;
; INPUT[16]  ; OUTPUT[16]  ; 4.954 ;       ;       ; 4.954 ;
; INPUT[16]  ; OUTPUT[24]  ; 5.328 ;       ;       ; 5.328 ;
; INPUT[17]  ; OUTPUT[16]  ; 5.287 ;       ;       ; 5.287 ;
; INPUT[17]  ; OUTPUT[17]  ; 5.330 ;       ;       ; 5.330 ;
; INPUT[17]  ; OUTPUT[25]  ; 5.460 ;       ;       ; 5.460 ;
; INPUT[18]  ; OUTPUT[17]  ; 5.789 ;       ;       ; 5.789 ;
; INPUT[18]  ; OUTPUT[18]  ; 5.239 ;       ;       ; 5.239 ;
; INPUT[18]  ; OUTPUT[26]  ; 5.953 ;       ;       ; 5.953 ;
; INPUT[19]  ; OUTPUT[18]  ; 5.453 ;       ;       ; 5.453 ;
; INPUT[19]  ; OUTPUT[19]  ; 5.395 ;       ;       ; 5.395 ;
; INPUT[19]  ; OUTPUT[27]  ; 5.386 ;       ;       ; 5.386 ;
; INPUT[20]  ; OUTPUT[19]  ; 6.251 ;       ;       ; 6.251 ;
; INPUT[20]  ; OUTPUT[20]  ; 5.348 ;       ;       ; 5.348 ;
; INPUT[20]  ; OUTPUT[28]  ; 5.530 ;       ;       ; 5.530 ;
; INPUT[21]  ; OUTPUT[20]  ; 5.560 ;       ;       ; 5.560 ;
; INPUT[21]  ; OUTPUT[21]  ; 5.279 ;       ;       ; 5.279 ;
; INPUT[21]  ; OUTPUT[29]  ; 5.558 ;       ;       ; 5.558 ;
; INPUT[22]  ; OUTPUT[21]  ; 5.631 ;       ;       ; 5.631 ;
; INPUT[22]  ; OUTPUT[22]  ; 5.138 ;       ;       ; 5.138 ;
; INPUT[22]  ; OUTPUT[30]  ; 5.441 ;       ;       ; 5.441 ;
; INPUT[23]  ; OUTPUT[22]  ; 5.518 ;       ;       ; 5.518 ;
; INPUT[23]  ; OUTPUT[23]  ; 5.221 ;       ;       ; 5.221 ;
; INPUT[23]  ; OUTPUT[31]  ; 5.469 ;       ;       ; 5.469 ;
; INPUT[24]  ; OUTPUT[23]  ; 5.788 ;       ;       ; 5.788 ;
; INPUT[24]  ; OUTPUT[24]  ; 5.588 ;       ;       ; 5.588 ;
; INPUT[25]  ; OUTPUT[24]  ; 5.508 ;       ;       ; 5.508 ;
; INPUT[25]  ; OUTPUT[25]  ; 5.345 ;       ;       ; 5.345 ;
; INPUT[26]  ; OUTPUT[25]  ; 5.488 ;       ;       ; 5.488 ;
; INPUT[26]  ; OUTPUT[26]  ; 5.220 ;       ;       ; 5.220 ;
; INPUT[27]  ; OUTPUT[26]  ; 5.876 ;       ;       ; 5.876 ;
; INPUT[27]  ; OUTPUT[27]  ; 5.156 ;       ;       ; 5.156 ;
; INPUT[28]  ; OUTPUT[27]  ; 5.601 ;       ;       ; 5.601 ;
; INPUT[28]  ; OUTPUT[28]  ; 5.274 ;       ;       ; 5.274 ;
; INPUT[29]  ; OUTPUT[28]  ; 5.650 ;       ;       ; 5.650 ;
; INPUT[29]  ; OUTPUT[29]  ; 5.533 ;       ;       ; 5.533 ;
; INPUT[30]  ; OUTPUT[29]  ; 5.608 ;       ;       ; 5.608 ;
; INPUT[30]  ; OUTPUT[30]  ; 5.646 ;       ;       ; 5.646 ;
; INPUT[31]  ; OUTPUT[30]  ; 5.723 ;       ;       ; 5.723 ;
; INPUT[31]  ; OUTPUT[31]  ; 5.474 ;       ;       ; 5.474 ;
; SLL8       ; OUTPUT[0]   ; 5.596 ; 5.596 ; 5.596 ; 5.596 ;
; SLL8       ; OUTPUT[1]   ; 5.865 ; 5.865 ; 5.865 ; 5.865 ;
; SLL8       ; OUTPUT[2]   ; 5.765 ; 5.765 ; 5.765 ; 5.765 ;
; SLL8       ; OUTPUT[3]   ; 5.930 ; 5.930 ; 5.930 ; 5.930 ;
; SLL8       ; OUTPUT[4]   ; 5.734 ; 5.734 ; 5.734 ; 5.734 ;
; SLL8       ; OUTPUT[5]   ; 6.015 ; 6.015 ; 6.015 ; 6.015 ;
; SLL8       ; OUTPUT[6]   ; 6.015 ; 6.015 ; 6.015 ; 6.015 ;
; SLL8       ; OUTPUT[7]   ; 5.875 ; 5.875 ; 5.875 ; 5.875 ;
; SLL8       ; OUTPUT[8]   ; 5.760 ; 5.760 ; 5.760 ; 5.760 ;
; SLL8       ; OUTPUT[9]   ; 6.035 ; 6.035 ; 6.035 ; 6.035 ;
; SLL8       ; OUTPUT[10]  ; 5.873 ; 5.873 ; 5.873 ; 5.873 ;
; SLL8       ; OUTPUT[11]  ; 5.913 ; 5.913 ; 5.913 ; 5.913 ;
; SLL8       ; OUTPUT[12]  ; 6.037 ; 6.037 ; 6.037 ; 6.037 ;
; SLL8       ; OUTPUT[13]  ; 6.378 ; 6.378 ; 6.378 ; 6.378 ;
; SLL8       ; OUTPUT[14]  ; 6.071 ; 6.071 ; 6.071 ; 6.071 ;
; SLL8       ; OUTPUT[15]  ; 6.070 ; 6.070 ; 6.070 ; 6.070 ;
; SLL8       ; OUTPUT[16]  ; 5.983 ; 5.983 ; 5.983 ; 5.983 ;
; SLL8       ; OUTPUT[17]  ; 6.272 ; 6.272 ; 6.272 ; 6.272 ;
; SLL8       ; OUTPUT[18]  ; 5.941 ; 5.941 ; 5.941 ; 5.941 ;
; SLL8       ; OUTPUT[19]  ; 6.892 ; 6.892 ; 6.892 ; 6.892 ;
; SLL8       ; OUTPUT[20]  ; 6.196 ; 6.196 ; 6.196 ; 6.196 ;
; SLL8       ; OUTPUT[21]  ; 6.199 ; 6.199 ; 6.199 ; 6.199 ;
; SLL8       ; OUTPUT[22]  ; 6.116 ; 6.116 ; 6.116 ; 6.116 ;
; SLL8       ; OUTPUT[23]  ; 6.200 ; 6.200 ; 6.200 ; 6.200 ;
; SLL8       ; OUTPUT[24]  ; 6.089 ; 6.089 ; 6.089 ; 6.089 ;
; SLL8       ; OUTPUT[25]  ; 6.014 ; 6.014 ; 6.014 ; 6.014 ;
; SLL8       ; OUTPUT[26]  ; 6.307 ; 6.307 ; 6.307 ; 6.307 ;
; SLL8       ; OUTPUT[27]  ; 5.864 ; 5.864 ; 5.864 ; 5.864 ;
; SLL8       ; OUTPUT[28]  ; 5.981 ; 5.981 ; 5.981 ; 5.981 ;
; SLL8       ; OUTPUT[29]  ; 6.204 ; 6.204 ; 6.204 ; 6.204 ;
; SLL8       ; OUTPUT[30]  ; 6.171 ; 6.171 ; 6.171 ; 6.171 ;
; SLL8       ; OUTPUT[31]  ; 5.907 ; 5.907 ; 5.907 ; 5.907 ;
; SRA1       ; OUTPUT[0]   ; 5.619 ; 5.619 ; 5.619 ; 5.619 ;
; SRA1       ; OUTPUT[1]   ; 5.829 ; 5.829 ; 5.829 ; 5.829 ;
; SRA1       ; OUTPUT[2]   ; 5.661 ; 5.661 ; 5.661 ; 5.661 ;
; SRA1       ; OUTPUT[3]   ; 5.736 ; 5.736 ; 5.736 ; 5.736 ;
; SRA1       ; OUTPUT[4]   ; 5.746 ; 5.746 ; 5.746 ; 5.746 ;
; SRA1       ; OUTPUT[5]   ; 5.848 ; 5.848 ; 5.848 ; 5.848 ;
; SRA1       ; OUTPUT[6]   ; 5.846 ; 5.846 ; 5.846 ; 5.846 ;
; SRA1       ; OUTPUT[7]   ; 5.706 ; 5.706 ; 5.706 ; 5.706 ;
; SRA1       ; OUTPUT[8]   ; 5.777 ; 5.777 ; 5.777 ; 5.777 ;
; SRA1       ; OUTPUT[9]   ; 6.001 ; 6.001 ; 6.001 ; 6.001 ;
; SRA1       ; OUTPUT[10]  ; 5.841 ; 5.841 ; 5.841 ; 5.841 ;
; SRA1       ; OUTPUT[11]  ; 5.799 ; 5.799 ; 5.799 ; 5.799 ;
; SRA1       ; OUTPUT[12]  ; 6.046 ; 6.046 ; 6.046 ; 6.046 ;
; SRA1       ; OUTPUT[13]  ; 6.101 ; 6.101 ; 6.101 ; 6.101 ;
; SRA1       ; OUTPUT[14]  ; 5.903 ; 5.903 ; 5.903 ; 5.903 ;
; SRA1       ; OUTPUT[15]  ; 5.902 ; 5.902 ; 5.902 ; 5.902 ;
; SRA1       ; OUTPUT[16]  ; 5.888 ; 5.888 ; 5.888 ; 5.888 ;
; SRA1       ; OUTPUT[17]  ; 6.240 ; 6.240 ; 6.240 ; 6.240 ;
; SRA1       ; OUTPUT[18]  ; 5.909 ; 5.909 ; 5.909 ; 5.909 ;
; SRA1       ; OUTPUT[19]  ; 6.790 ; 6.790 ; 6.790 ; 6.790 ;
; SRA1       ; OUTPUT[20]  ; 6.020 ; 6.020 ; 6.020 ; 6.020 ;
; SRA1       ; OUTPUT[21]  ; 6.025 ; 6.025 ; 6.025 ; 6.025 ;
; SRA1       ; OUTPUT[22]  ; 5.939 ; 5.939 ; 5.939 ; 5.939 ;
; SRA1       ; OUTPUT[23]  ; 6.025 ; 6.025 ; 6.025 ; 6.025 ;
; SRA1       ; OUTPUT[24]  ; 5.923 ; 5.923 ; 5.923 ; 5.923 ;
; SRA1       ; OUTPUT[25]  ; 5.804 ; 5.804 ; 5.804 ; 5.804 ;
; SRA1       ; OUTPUT[26]  ; 6.205 ; 6.205 ; 6.205 ; 6.205 ;
; SRA1       ; OUTPUT[27]  ; 5.839 ; 5.839 ; 5.839 ; 5.839 ;
; SRA1       ; OUTPUT[28]  ; 6.002 ; 6.002 ; 6.002 ; 6.002 ;
; SRA1       ; OUTPUT[29]  ; 6.028 ; 6.028 ; 6.028 ; 6.028 ;
; SRA1       ; OUTPUT[30]  ; 6.197 ; 6.197 ; 6.197 ; 6.197 ;
; SRA1       ; OUTPUT[31]  ; 5.860 ; 5.860 ; 5.860 ; 5.860 ;
+------------+-------------+-------+-------+-------+-------+


+----------------------------------------------------------+
; Minimum Propagation Delay                                ;
+------------+-------------+-------+-------+-------+-------+
; Input Port ; Output Port ; RR    ; RF    ; FR    ; FF    ;
+------------+-------------+-------+-------+-------+-------+
; INPUT[0]   ; OUTPUT[0]   ; 5.261 ;       ;       ; 5.261 ;
; INPUT[0]   ; OUTPUT[8]   ; 5.426 ;       ;       ; 5.426 ;
; INPUT[1]   ; OUTPUT[0]   ; 5.242 ;       ;       ; 5.242 ;
; INPUT[1]   ; OUTPUT[1]   ; 5.314 ;       ;       ; 5.314 ;
; INPUT[1]   ; OUTPUT[9]   ; 5.490 ;       ;       ; 5.490 ;
; INPUT[2]   ; OUTPUT[1]   ; 5.238 ;       ;       ; 5.238 ;
; INPUT[2]   ; OUTPUT[2]   ; 5.138 ;       ;       ; 5.138 ;
; INPUT[2]   ; OUTPUT[10]  ; 5.250 ;       ;       ; 5.250 ;
; INPUT[3]   ; OUTPUT[2]   ; 5.525 ;       ;       ; 5.525 ;
; INPUT[3]   ; OUTPUT[3]   ; 5.301 ;       ;       ; 5.301 ;
; INPUT[3]   ; OUTPUT[11]  ; 5.436 ;       ;       ; 5.436 ;
; INPUT[4]   ; OUTPUT[3]   ; 5.343 ;       ;       ; 5.343 ;
; INPUT[4]   ; OUTPUT[4]   ; 5.229 ;       ;       ; 5.229 ;
; INPUT[4]   ; OUTPUT[12]  ; 5.414 ;       ;       ; 5.414 ;
; INPUT[5]   ; OUTPUT[4]   ; 5.154 ;       ;       ; 5.154 ;
; INPUT[5]   ; OUTPUT[5]   ; 5.593 ;       ;       ; 5.593 ;
; INPUT[5]   ; OUTPUT[13]  ; 5.897 ;       ;       ; 5.897 ;
; INPUT[6]   ; OUTPUT[5]   ; 5.253 ;       ;       ; 5.253 ;
; INPUT[6]   ; OUTPUT[6]   ; 5.246 ;       ;       ; 5.246 ;
; INPUT[6]   ; OUTPUT[14]  ; 5.305 ;       ;       ; 5.305 ;
; INPUT[7]   ; OUTPUT[6]   ; 5.211 ;       ;       ; 5.211 ;
; INPUT[7]   ; OUTPUT[7]   ; 5.074 ;       ;       ; 5.074 ;
; INPUT[7]   ; OUTPUT[15]  ; 5.277 ;       ;       ; 5.277 ;
; INPUT[8]   ; OUTPUT[7]   ; 5.122 ;       ;       ; 5.122 ;
; INPUT[8]   ; OUTPUT[8]   ; 4.944 ;       ;       ; 4.944 ;
; INPUT[8]   ; OUTPUT[16]  ; 5.249 ;       ;       ; 5.249 ;
; INPUT[9]   ; OUTPUT[8]   ; 5.500 ;       ;       ; 5.500 ;
; INPUT[9]   ; OUTPUT[9]   ; 5.425 ;       ;       ; 5.425 ;
; INPUT[9]   ; OUTPUT[17]  ; 5.819 ;       ;       ; 5.819 ;
; INPUT[10]  ; OUTPUT[9]   ; 5.300 ;       ;       ; 5.300 ;
; INPUT[10]  ; OUTPUT[10]  ; 4.857 ;       ;       ; 4.857 ;
; INPUT[10]  ; OUTPUT[18]  ; 5.191 ;       ;       ; 5.191 ;
; INPUT[11]  ; OUTPUT[10]  ; 5.643 ;       ;       ; 5.643 ;
; INPUT[11]  ; OUTPUT[11]  ; 5.351 ;       ;       ; 5.351 ;
; INPUT[11]  ; OUTPUT[19]  ; 6.569 ;       ;       ; 6.569 ;
; INPUT[12]  ; OUTPUT[11]  ; 5.632 ;       ;       ; 5.632 ;
; INPUT[12]  ; OUTPUT[12]  ; 5.471 ;       ;       ; 5.471 ;
; INPUT[12]  ; OUTPUT[20]  ; 5.884 ;       ;       ; 5.884 ;
; INPUT[13]  ; OUTPUT[12]  ; 5.763 ;       ;       ; 5.763 ;
; INPUT[13]  ; OUTPUT[13]  ; 5.494 ;       ;       ; 5.494 ;
; INPUT[13]  ; OUTPUT[21]  ; 5.765 ;       ;       ; 5.765 ;
; INPUT[14]  ; OUTPUT[13]  ; 6.078 ;       ;       ; 6.078 ;
; INPUT[14]  ; OUTPUT[14]  ; 5.594 ;       ;       ; 5.594 ;
; INPUT[14]  ; OUTPUT[22]  ; 5.733 ;       ;       ; 5.733 ;
; INPUT[15]  ; OUTPUT[14]  ; 5.688 ;       ;       ; 5.688 ;
; INPUT[15]  ; OUTPUT[15]  ; 5.366 ;       ;       ; 5.366 ;
; INPUT[15]  ; OUTPUT[23]  ; 5.765 ;       ;       ; 5.765 ;
; INPUT[16]  ; OUTPUT[15]  ; 5.316 ;       ;       ; 5.316 ;
; INPUT[16]  ; OUTPUT[16]  ; 4.954 ;       ;       ; 4.954 ;
; INPUT[16]  ; OUTPUT[24]  ; 5.328 ;       ;       ; 5.328 ;
; INPUT[17]  ; OUTPUT[16]  ; 5.287 ;       ;       ; 5.287 ;
; INPUT[17]  ; OUTPUT[17]  ; 5.330 ;       ;       ; 5.330 ;
; INPUT[17]  ; OUTPUT[25]  ; 5.460 ;       ;       ; 5.460 ;
; INPUT[18]  ; OUTPUT[17]  ; 5.789 ;       ;       ; 5.789 ;
; INPUT[18]  ; OUTPUT[18]  ; 5.239 ;       ;       ; 5.239 ;
; INPUT[18]  ; OUTPUT[26]  ; 5.953 ;       ;       ; 5.953 ;
; INPUT[19]  ; OUTPUT[18]  ; 5.453 ;       ;       ; 5.453 ;
; INPUT[19]  ; OUTPUT[19]  ; 5.395 ;       ;       ; 5.395 ;
; INPUT[19]  ; OUTPUT[27]  ; 5.386 ;       ;       ; 5.386 ;
; INPUT[20]  ; OUTPUT[19]  ; 6.251 ;       ;       ; 6.251 ;
; INPUT[20]  ; OUTPUT[20]  ; 5.348 ;       ;       ; 5.348 ;
; INPUT[20]  ; OUTPUT[28]  ; 5.530 ;       ;       ; 5.530 ;
; INPUT[21]  ; OUTPUT[20]  ; 5.560 ;       ;       ; 5.560 ;
; INPUT[21]  ; OUTPUT[21]  ; 5.279 ;       ;       ; 5.279 ;
; INPUT[21]  ; OUTPUT[29]  ; 5.558 ;       ;       ; 5.558 ;
; INPUT[22]  ; OUTPUT[21]  ; 5.631 ;       ;       ; 5.631 ;
; INPUT[22]  ; OUTPUT[22]  ; 5.138 ;       ;       ; 5.138 ;
; INPUT[22]  ; OUTPUT[30]  ; 5.441 ;       ;       ; 5.441 ;
; INPUT[23]  ; OUTPUT[22]  ; 5.518 ;       ;       ; 5.518 ;
; INPUT[23]  ; OUTPUT[23]  ; 5.221 ;       ;       ; 5.221 ;
; INPUT[23]  ; OUTPUT[31]  ; 5.469 ;       ;       ; 5.469 ;
; INPUT[24]  ; OUTPUT[23]  ; 5.788 ;       ;       ; 5.788 ;
; INPUT[24]  ; OUTPUT[24]  ; 5.588 ;       ;       ; 5.588 ;
; INPUT[25]  ; OUTPUT[24]  ; 5.508 ;       ;       ; 5.508 ;
; INPUT[25]  ; OUTPUT[25]  ; 5.345 ;       ;       ; 5.345 ;
; INPUT[26]  ; OUTPUT[25]  ; 5.488 ;       ;       ; 5.488 ;
; INPUT[26]  ; OUTPUT[26]  ; 5.220 ;       ;       ; 5.220 ;
; INPUT[27]  ; OUTPUT[26]  ; 5.876 ;       ;       ; 5.876 ;
; INPUT[27]  ; OUTPUT[27]  ; 5.156 ;       ;       ; 5.156 ;
; INPUT[28]  ; OUTPUT[27]  ; 5.601 ;       ;       ; 5.601 ;
; INPUT[28]  ; OUTPUT[28]  ; 5.274 ;       ;       ; 5.274 ;
; INPUT[29]  ; OUTPUT[28]  ; 5.650 ;       ;       ; 5.650 ;
; INPUT[29]  ; OUTPUT[29]  ; 5.533 ;       ;       ; 5.533 ;
; INPUT[30]  ; OUTPUT[29]  ; 5.608 ;       ;       ; 5.608 ;
; INPUT[30]  ; OUTPUT[30]  ; 5.646 ;       ;       ; 5.646 ;
; INPUT[31]  ; OUTPUT[30]  ; 5.723 ;       ;       ; 5.723 ;
; INPUT[31]  ; OUTPUT[31]  ; 5.474 ;       ;       ; 5.474 ;
; SLL8       ; OUTPUT[0]   ; 5.596 ; 5.596 ; 5.596 ; 5.596 ;
; SLL8       ; OUTPUT[1]   ; 5.865 ; 5.865 ; 5.865 ; 5.865 ;
; SLL8       ; OUTPUT[2]   ; 5.765 ; 5.765 ; 5.765 ; 5.765 ;
; SLL8       ; OUTPUT[3]   ; 5.930 ; 5.930 ; 5.930 ; 5.930 ;
; SLL8       ; OUTPUT[4]   ; 5.734 ; 5.734 ; 5.734 ; 5.734 ;
; SLL8       ; OUTPUT[5]   ; 6.015 ; 6.015 ; 6.015 ; 6.015 ;
; SLL8       ; OUTPUT[6]   ; 6.015 ; 6.015 ; 6.015 ; 6.015 ;
; SLL8       ; OUTPUT[7]   ; 5.875 ; 5.875 ; 5.875 ; 5.875 ;
; SLL8       ; OUTPUT[8]   ; 5.604 ; 5.604 ; 5.604 ; 5.604 ;
; SLL8       ; OUTPUT[9]   ; 5.880 ; 5.880 ; 5.880 ; 5.880 ;
; SLL8       ; OUTPUT[10]  ; 5.592 ; 5.592 ; 5.592 ; 5.592 ;
; SLL8       ; OUTPUT[11]  ; 5.756 ; 5.756 ; 5.756 ; 5.756 ;
; SLL8       ; OUTPUT[12]  ; 5.753 ; 5.753 ; 5.753 ; 5.753 ;
; SLL8       ; OUTPUT[13]  ; 5.763 ; 5.763 ; 5.763 ; 5.763 ;
; SLL8       ; OUTPUT[14]  ; 5.910 ; 5.910 ; 5.910 ; 5.910 ;
; SLL8       ; OUTPUT[15]  ; 5.847 ; 5.847 ; 5.847 ; 5.847 ;
; SLL8       ; OUTPUT[16]  ; 5.703 ; 5.703 ; 5.703 ; 5.703 ;
; SLL8       ; OUTPUT[17]  ; 6.031 ; 6.031 ; 6.031 ; 6.031 ;
; SLL8       ; OUTPUT[18]  ; 5.709 ; 5.709 ; 5.709 ; 5.709 ;
; SLL8       ; OUTPUT[19]  ; 5.879 ; 5.879 ; 5.879 ; 5.879 ;
; SLL8       ; OUTPUT[20]  ; 5.798 ; 5.798 ; 5.798 ; 5.798 ;
; SLL8       ; OUTPUT[21]  ; 5.925 ; 5.925 ; 5.925 ; 5.925 ;
; SLL8       ; OUTPUT[22]  ; 5.812 ; 5.812 ; 5.812 ; 5.812 ;
; SLL8       ; OUTPUT[23]  ; 5.920 ; 5.920 ; 5.920 ; 5.920 ;
; SLL8       ; OUTPUT[24]  ; 5.930 ; 5.930 ; 5.930 ; 5.930 ;
; SLL8       ; OUTPUT[25]  ; 5.923 ; 5.923 ; 5.923 ; 5.923 ;
; SLL8       ; OUTPUT[26]  ; 5.912 ; 5.912 ; 5.912 ; 5.912 ;
; SLL8       ; OUTPUT[27]  ; 5.599 ; 5.599 ; 5.599 ; 5.599 ;
; SLL8       ; OUTPUT[28]  ; 5.821 ; 5.821 ; 5.821 ; 5.821 ;
; SLL8       ; OUTPUT[29]  ; 5.791 ; 5.791 ; 5.791 ; 5.791 ;
; SLL8       ; OUTPUT[30]  ; 6.171 ; 5.886 ; 5.886 ; 6.171 ;
; SLL8       ; OUTPUT[31]  ; 5.907 ; 5.907 ; 5.907 ; 5.907 ;
; SRA1       ; OUTPUT[0]   ; 5.619 ; 5.619 ; 5.619 ; 5.619 ;
; SRA1       ; OUTPUT[1]   ; 5.829 ; 5.829 ; 5.829 ; 5.829 ;
; SRA1       ; OUTPUT[2]   ; 5.661 ; 5.661 ; 5.661 ; 5.661 ;
; SRA1       ; OUTPUT[3]   ; 5.736 ; 5.736 ; 5.736 ; 5.736 ;
; SRA1       ; OUTPUT[4]   ; 5.746 ; 5.746 ; 5.746 ; 5.746 ;
; SRA1       ; OUTPUT[5]   ; 5.848 ; 5.848 ; 5.848 ; 5.848 ;
; SRA1       ; OUTPUT[6]   ; 5.846 ; 5.846 ; 5.846 ; 5.846 ;
; SRA1       ; OUTPUT[7]   ; 5.706 ; 5.706 ; 5.706 ; 5.706 ;
; SRA1       ; OUTPUT[8]   ; 5.501 ; 5.501 ; 5.501 ; 5.501 ;
; SRA1       ; OUTPUT[9]   ; 5.845 ; 5.845 ; 5.845 ; 5.845 ;
; SRA1       ; OUTPUT[10]  ; 5.487 ; 5.487 ; 5.487 ; 5.487 ;
; SRA1       ; OUTPUT[11]  ; 5.765 ; 5.765 ; 5.765 ; 5.765 ;
; SRA1       ; OUTPUT[12]  ; 5.638 ; 5.638 ; 5.638 ; 5.638 ;
; SRA1       ; OUTPUT[13]  ; 5.788 ; 5.788 ; 5.788 ; 5.788 ;
; SRA1       ; OUTPUT[14]  ; 5.740 ; 5.740 ; 5.740 ; 5.740 ;
; SRA1       ; OUTPUT[15]  ; 5.754 ; 5.754 ; 5.754 ; 5.754 ;
; SRA1       ; OUTPUT[16]  ; 5.536 ; 5.536 ; 5.536 ; 5.536 ;
; SRA1       ; OUTPUT[17]  ; 5.932 ; 5.932 ; 5.932 ; 5.932 ;
; SRA1       ; OUTPUT[18]  ; 5.681 ; 5.681 ; 5.681 ; 5.681 ;
; SRA1       ; OUTPUT[19]  ; 5.846 ; 5.846 ; 5.846 ; 5.846 ;
; SRA1       ; OUTPUT[20]  ; 5.750 ; 5.750 ; 5.750 ; 5.750 ;
; SRA1       ; OUTPUT[21]  ; 5.749 ; 5.749 ; 5.749 ; 5.749 ;
; SRA1       ; OUTPUT[22]  ; 5.638 ; 5.638 ; 5.638 ; 5.638 ;
; SRA1       ; OUTPUT[23]  ; 5.745 ; 5.745 ; 5.745 ; 5.745 ;
; SRA1       ; OUTPUT[24]  ; 5.762 ; 5.762 ; 5.762 ; 5.762 ;
; SRA1       ; OUTPUT[25]  ; 5.756 ; 5.756 ; 5.756 ; 5.756 ;
; SRA1       ; OUTPUT[26]  ; 5.618 ; 5.618 ; 5.618 ; 5.618 ;
; SRA1       ; OUTPUT[27]  ; 5.496 ; 5.496 ; 5.496 ; 5.496 ;
; SRA1       ; OUTPUT[28]  ; 5.646 ; 5.646 ; 5.646 ; 5.646 ;
; SRA1       ; OUTPUT[29]  ; 5.742 ; 5.742 ; 5.742 ; 5.742 ;
; SRA1       ; OUTPUT[30]  ; 5.837 ; 6.197 ; 6.197 ; 5.837 ;
; SRA1       ; OUTPUT[31]  ; 5.860 ; 5.860 ; 5.860 ; 5.860 ;
+------------+-------------+-------+-------+-------+-------+


+----------------------------------------------------------------------------+
; Multicorner Timing Analysis Summary                                        ;
+------------------+-------+------+----------+---------+---------------------+
; Clock            ; Setup ; Hold ; Recovery ; Removal ; Minimum Pulse Width ;
+------------------+-------+------+----------+---------+---------------------+
; Worst-case Slack ; N/A   ; N/A  ; N/A      ; N/A     ; N/A                 ;
; Design-wide TNS  ; 0.0   ; 0.0  ; 0.0      ; 0.0     ; 0.0                 ;
+------------------+-------+------+----------+---------+---------------------+


+--------------------------------------------------------------+
; Progagation Delay                                            ;
+------------+-------------+--------+--------+--------+--------+
; Input Port ; Output Port ; RR     ; RF     ; FR     ; FF     ;
+------------+-------------+--------+--------+--------+--------+
; INPUT[0]   ; OUTPUT[0]   ; 9.475  ;        ;        ; 9.475  ;
; INPUT[0]   ; OUTPUT[8]   ; 9.890  ;        ;        ; 9.890  ;
; INPUT[1]   ; OUTPUT[0]   ; 9.408  ;        ;        ; 9.408  ;
; INPUT[1]   ; OUTPUT[1]   ; 9.569  ;        ;        ; 9.569  ;
; INPUT[1]   ; OUTPUT[9]   ; 9.995  ;        ;        ; 9.995  ;
; INPUT[2]   ; OUTPUT[1]   ; 9.411  ;        ;        ; 9.411  ;
; INPUT[2]   ; OUTPUT[2]   ; 9.183  ;        ;        ; 9.183  ;
; INPUT[2]   ; OUTPUT[10]  ; 9.503  ;        ;        ; 9.503  ;
; INPUT[3]   ; OUTPUT[2]   ; 10.045 ;        ;        ; 10.045 ;
; INPUT[3]   ; OUTPUT[3]   ; 9.526  ;        ;        ; 9.526  ;
; INPUT[3]   ; OUTPUT[11]  ; 9.834  ;        ;        ; 9.834  ;
; INPUT[4]   ; OUTPUT[3]   ; 9.634  ;        ;        ; 9.634  ;
; INPUT[4]   ; OUTPUT[4]   ; 9.399  ;        ;        ; 9.399  ;
; INPUT[4]   ; OUTPUT[12]  ; 9.813  ;        ;        ; 9.813  ;
; INPUT[5]   ; OUTPUT[4]   ; 9.183  ;        ;        ; 9.183  ;
; INPUT[5]   ; OUTPUT[5]   ; 10.133 ;        ;        ; 10.133 ;
; INPUT[5]   ; OUTPUT[13]  ; 10.829 ;        ;        ; 10.829 ;
; INPUT[6]   ; OUTPUT[5]   ; 9.314  ;        ;        ; 9.314  ;
; INPUT[6]   ; OUTPUT[6]   ; 9.303  ;        ;        ; 9.303  ;
; INPUT[6]   ; OUTPUT[14]  ; 9.471  ;        ;        ; 9.471  ;
; INPUT[7]   ; OUTPUT[6]   ; 9.302  ;        ;        ; 9.302  ;
; INPUT[7]   ; OUTPUT[7]   ; 9.078  ;        ;        ; 9.078  ;
; INPUT[7]   ; OUTPUT[15]  ; 9.566  ;        ;        ; 9.566  ;
; INPUT[8]   ; OUTPUT[7]   ; 9.136  ;        ;        ; 9.136  ;
; INPUT[8]   ; OUTPUT[8]   ; 8.782  ;        ;        ; 8.782  ;
; INPUT[8]   ; OUTPUT[16]  ; 9.489  ;        ;        ; 9.489  ;
; INPUT[9]   ; OUTPUT[8]   ; 10.033 ;        ;        ; 10.033 ;
; INPUT[9]   ; OUTPUT[9]   ; 9.819  ;        ;        ; 9.819  ;
; INPUT[9]   ; OUTPUT[17]  ; 10.615 ;        ;        ; 10.615 ;
; INPUT[10]  ; OUTPUT[9]   ; 9.570  ;        ;        ; 9.570  ;
; INPUT[10]  ; OUTPUT[10]  ; 8.572  ;        ;        ; 8.572  ;
; INPUT[10]  ; OUTPUT[18]  ; 9.344  ;        ;        ; 9.344  ;
; INPUT[11]  ; OUTPUT[10]  ; 10.369 ;        ;        ; 10.369 ;
; INPUT[11]  ; OUTPUT[11]  ; 9.640  ;        ;        ; 9.640  ;
; INPUT[11]  ; OUTPUT[19]  ; 12.359 ;        ;        ; 12.359 ;
; INPUT[12]  ; OUTPUT[11]  ; 10.297 ;        ;        ; 10.297 ;
; INPUT[12]  ; OUTPUT[12]  ; 9.911  ;        ;        ; 9.911  ;
; INPUT[12]  ; OUTPUT[20]  ; 10.817 ;        ;        ; 10.817 ;
; INPUT[13]  ; OUTPUT[12]  ; 10.561 ;        ;        ; 10.561 ;
; INPUT[13]  ; OUTPUT[13]  ; 9.916  ;        ;        ; 9.916  ;
; INPUT[13]  ; OUTPUT[21]  ; 10.554 ;        ;        ; 10.554 ;
; INPUT[14]  ; OUTPUT[13]  ; 11.226 ;        ;        ; 11.226 ;
; INPUT[14]  ; OUTPUT[14]  ; 10.152 ;        ;        ; 10.152 ;
; INPUT[14]  ; OUTPUT[22]  ; 10.441 ;        ;        ; 10.441 ;
; INPUT[15]  ; OUTPUT[14]  ; 10.394 ;        ;        ; 10.394 ;
; INPUT[15]  ; OUTPUT[15]  ; 9.732  ;        ;        ; 9.732  ;
; INPUT[15]  ; OUTPUT[23]  ; 10.554 ;        ;        ; 10.554 ;
; INPUT[16]  ; OUTPUT[15]  ; 9.612  ;        ;        ; 9.612  ;
; INPUT[16]  ; OUTPUT[16]  ; 8.797  ;        ;        ; 8.797  ;
; INPUT[16]  ; OUTPUT[24]  ; 9.525  ;        ;        ; 9.525  ;
; INPUT[17]  ; OUTPUT[16]  ; 9.604  ;        ;        ; 9.604  ;
; INPUT[17]  ; OUTPUT[17]  ; 9.511  ;        ;        ; 9.511  ;
; INPUT[17]  ; OUTPUT[25]  ; 9.812  ;        ;        ; 9.812  ;
; INPUT[18]  ; OUTPUT[17]  ; 10.514 ;        ;        ; 10.514 ;
; INPUT[18]  ; OUTPUT[18]  ; 9.397  ;        ;        ; 9.397  ;
; INPUT[18]  ; OUTPUT[26]  ; 10.876 ;        ;        ; 10.876 ;
; INPUT[19]  ; OUTPUT[18]  ; 9.877  ;        ;        ; 9.877  ;
; INPUT[19]  ; OUTPUT[19]  ; 9.709  ;        ;        ; 9.709  ;
; INPUT[19]  ; OUTPUT[27]  ; 9.756  ;        ;        ; 9.756  ;
; INPUT[20]  ; OUTPUT[19]  ; 11.724 ;        ;        ; 11.724 ;
; INPUT[20]  ; OUTPUT[20]  ; 9.660  ;        ;        ; 9.660  ;
; INPUT[20]  ; OUTPUT[28]  ; 10.110 ;        ;        ; 10.110 ;
; INPUT[21]  ; OUTPUT[20]  ; 10.118 ;        ;        ; 10.118 ;
; INPUT[21]  ; OUTPUT[21]  ; 9.449  ;        ;        ; 9.449  ;
; INPUT[21]  ; OUTPUT[29]  ; 10.114 ;        ;        ; 10.114 ;
; INPUT[22]  ; OUTPUT[21]  ; 10.318 ;        ;        ; 10.318 ;
; INPUT[22]  ; OUTPUT[22]  ; 9.162  ;        ;        ; 9.162  ;
; INPUT[22]  ; OUTPUT[30]  ; 9.861  ;        ;        ; 9.861  ;
; INPUT[23]  ; OUTPUT[22]  ; 10.088 ;        ;        ; 10.088 ;
; INPUT[23]  ; OUTPUT[23]  ; 9.367  ;        ;        ; 9.367  ;
; INPUT[23]  ; OUTPUT[31]  ; 9.902  ;        ;        ; 9.902  ;
; INPUT[24]  ; OUTPUT[23]  ; 10.602 ;        ;        ; 10.602 ;
; INPUT[24]  ; OUTPUT[24]  ; 10.084 ;        ;        ; 10.084 ;
; INPUT[25]  ; OUTPUT[24]  ; 10.027 ;        ;        ; 10.027 ;
; INPUT[25]  ; OUTPUT[25]  ; 9.634  ;        ;        ; 9.634  ;
; INPUT[26]  ; OUTPUT[25]  ; 9.882  ;        ;        ; 9.882  ;
; INPUT[26]  ; OUTPUT[26]  ; 9.291  ;        ;        ; 9.291  ;
; INPUT[27]  ; OUTPUT[26]  ; 10.682 ;        ;        ; 10.682 ;
; INPUT[27]  ; OUTPUT[27]  ; 9.183  ;        ;        ; 9.183  ;
; INPUT[28]  ; OUTPUT[27]  ; 10.235 ;        ;        ; 10.235 ;
; INPUT[28]  ; OUTPUT[28]  ; 9.431  ;        ;        ; 9.431  ;
; INPUT[29]  ; OUTPUT[28]  ; 10.382 ;        ;        ; 10.382 ;
; INPUT[29]  ; OUTPUT[29]  ; 10.093 ;        ;        ; 10.093 ;
; INPUT[30]  ; OUTPUT[29]  ; 10.281 ;        ;        ; 10.281 ;
; INPUT[30]  ; OUTPUT[30]  ; 10.382 ;        ;        ; 10.382 ;
; INPUT[31]  ; OUTPUT[30]  ; 10.555 ;        ;        ; 10.555 ;
; INPUT[31]  ; OUTPUT[31]  ; 9.913  ;        ;        ; 9.913  ;
; SLL8       ; OUTPUT[0]   ; 10.157 ; 10.157 ; 10.157 ; 10.157 ;
; SLL8       ; OUTPUT[1]   ; 10.705 ; 10.705 ; 10.705 ; 10.705 ;
; SLL8       ; OUTPUT[2]   ; 10.476 ; 10.476 ; 10.476 ; 10.476 ;
; SLL8       ; OUTPUT[3]   ; 10.770 ; 10.770 ; 10.770 ; 10.770 ;
; SLL8       ; OUTPUT[4]   ; 10.365 ; 10.365 ; 10.365 ; 10.365 ;
; SLL8       ; OUTPUT[5]   ; 10.934 ; 10.934 ; 10.934 ; 10.934 ;
; SLL8       ; OUTPUT[6]   ; 10.932 ; 10.932 ; 10.932 ; 10.932 ;
; SLL8       ; OUTPUT[7]   ; 10.710 ; 10.710 ; 10.710 ; 10.710 ;
; SLL8       ; OUTPUT[8]   ; 10.569 ; 10.569 ; 10.569 ; 10.569 ;
; SLL8       ; OUTPUT[9]   ; 11.099 ; 11.099 ; 11.099 ; 11.099 ;
; SLL8       ; OUTPUT[10]  ; 10.794 ; 10.794 ; 10.794 ; 10.794 ;
; SLL8       ; OUTPUT[11]  ; 10.771 ; 10.771 ; 10.771 ; 10.771 ;
; SLL8       ; OUTPUT[12]  ; 11.053 ; 11.053 ; 11.053 ; 11.053 ;
; SLL8       ; OUTPUT[13]  ; 11.761 ; 11.761 ; 11.761 ; 11.761 ;
; SLL8       ; OUTPUT[14]  ; 11.098 ; 11.098 ; 11.098 ; 11.098 ;
; SLL8       ; OUTPUT[15]  ; 11.164 ; 11.164 ; 11.164 ; 11.164 ;
; SLL8       ; OUTPUT[16]  ; 11.043 ; 11.043 ; 11.043 ; 11.043 ;
; SLL8       ; OUTPUT[17]  ; 11.508 ; 11.508 ; 11.508 ; 11.508 ;
; SLL8       ; OUTPUT[18]  ; 10.916 ; 10.916 ; 10.916 ; 10.916 ;
; SLL8       ; OUTPUT[19]  ; 12.932 ; 12.932 ; 12.932 ; 12.932 ;
; SLL8       ; OUTPUT[20]  ; 11.336 ; 11.336 ; 11.336 ; 11.336 ;
; SLL8       ; OUTPUT[21]  ; 11.368 ; 11.368 ; 11.368 ; 11.368 ;
; SLL8       ; OUTPUT[22]  ; 11.165 ; 11.165 ; 11.165 ; 11.165 ;
; SLL8       ; OUTPUT[23]  ; 11.368 ; 11.368 ; 11.368 ; 11.368 ;
; SLL8       ; OUTPUT[24]  ; 11.116 ; 11.116 ; 11.116 ; 11.116 ;
; SLL8       ; OUTPUT[25]  ; 10.949 ; 10.949 ; 10.949 ; 10.949 ;
; SLL8       ; OUTPUT[26]  ; 11.584 ; 11.584 ; 11.584 ; 11.584 ;
; SLL8       ; OUTPUT[27]  ; 10.756 ; 10.756 ; 10.756 ; 10.756 ;
; SLL8       ; OUTPUT[28]  ; 10.857 ; 10.857 ; 10.857 ; 10.857 ;
; SLL8       ; OUTPUT[29]  ; 11.368 ; 11.368 ; 11.368 ; 11.368 ;
; SLL8       ; OUTPUT[30]  ; 11.304 ; 11.304 ; 11.304 ; 11.304 ;
; SLL8       ; OUTPUT[31]  ; 10.654 ; 10.654 ; 10.654 ; 10.654 ;
; SRA1       ; OUTPUT[0]   ; 10.183 ; 10.183 ; 10.183 ; 10.183 ;
; SRA1       ; OUTPUT[1]   ; 10.625 ; 10.625 ; 10.625 ; 10.625 ;
; SRA1       ; OUTPUT[2]   ; 10.257 ; 10.257 ; 10.257 ; 10.257 ;
; SRA1       ; OUTPUT[3]   ; 10.375 ; 10.375 ; 10.375 ; 10.375 ;
; SRA1       ; OUTPUT[4]   ; 10.436 ; 10.436 ; 10.436 ; 10.436 ;
; SRA1       ; OUTPUT[5]   ; 10.596 ; 10.596 ; 10.596 ; 10.596 ;
; SRA1       ; OUTPUT[6]   ; 10.592 ; 10.592 ; 10.592 ; 10.592 ;
; SRA1       ; OUTPUT[7]   ; 10.369 ; 10.369 ; 10.369 ; 10.369 ;
; SRA1       ; OUTPUT[8]   ; 10.587 ; 10.587 ; 10.587 ; 10.587 ;
; SRA1       ; OUTPUT[9]   ; 11.037 ; 11.037 ; 11.037 ; 11.037 ;
; SRA1       ; OUTPUT[10]  ; 10.681 ; 10.681 ; 10.681 ; 10.681 ;
; SRA1       ; OUTPUT[11]  ; 10.544 ; 10.544 ; 10.544 ; 10.544 ;
; SRA1       ; OUTPUT[12]  ; 11.095 ; 11.095 ; 11.095 ; 11.095 ;
; SRA1       ; OUTPUT[13]  ; 11.192 ; 11.192 ; 11.192 ; 11.192 ;
; SRA1       ; OUTPUT[14]  ; 10.758 ; 10.758 ; 10.758 ; 10.758 ;
; SRA1       ; OUTPUT[15]  ; 10.855 ; 10.855 ; 10.855 ; 10.855 ;
; SRA1       ; OUTPUT[16]  ; 10.812 ; 10.812 ; 10.812 ; 10.812 ;
; SRA1       ; OUTPUT[17]  ; 11.446 ; 11.446 ; 11.446 ; 11.446 ;
; SRA1       ; OUTPUT[18]  ; 10.806 ; 10.806 ; 10.806 ; 10.806 ;
; SRA1       ; OUTPUT[19]  ; 12.690 ; 12.690 ; 12.690 ; 12.690 ;
; SRA1       ; OUTPUT[20]  ; 11.013 ; 11.013 ; 11.013 ; 11.013 ;
; SRA1       ; OUTPUT[21]  ; 11.014 ; 11.014 ; 11.014 ; 11.014 ;
; SRA1       ; OUTPUT[22]  ; 10.809 ; 10.809 ; 10.809 ; 10.809 ;
; SRA1       ; OUTPUT[23]  ; 11.014 ; 11.014 ; 11.014 ; 11.014 ;
; SRA1       ; OUTPUT[24]  ; 10.777 ; 10.777 ; 10.777 ; 10.777 ;
; SRA1       ; OUTPUT[25]  ; 10.537 ; 10.537 ; 10.537 ; 10.537 ;
; SRA1       ; OUTPUT[26]  ; 11.399 ; 11.399 ; 11.399 ; 11.399 ;
; SRA1       ; OUTPUT[27]  ; 10.708 ; 10.708 ; 10.708 ; 10.708 ;
; SRA1       ; OUTPUT[28]  ; 10.945 ; 10.945 ; 10.945 ; 10.945 ;
; SRA1       ; OUTPUT[29]  ; 11.011 ; 11.011 ; 11.011 ; 11.011 ;
; SRA1       ; OUTPUT[30]  ; 11.367 ; 11.367 ; 11.367 ; 11.367 ;
; SRA1       ; OUTPUT[31]  ; 10.601 ; 10.601 ; 10.601 ; 10.601 ;
+------------+-------------+--------+--------+--------+--------+


+----------------------------------------------------------+
; Minimum Progagation Delay                                ;
+------------+-------------+-------+-------+-------+-------+
; Input Port ; Output Port ; RR    ; RF    ; FR    ; FF    ;
+------------+-------------+-------+-------+-------+-------+
; INPUT[0]   ; OUTPUT[0]   ; 5.261 ;       ;       ; 5.261 ;
; INPUT[0]   ; OUTPUT[8]   ; 5.426 ;       ;       ; 5.426 ;
; INPUT[1]   ; OUTPUT[0]   ; 5.242 ;       ;       ; 5.242 ;
; INPUT[1]   ; OUTPUT[1]   ; 5.314 ;       ;       ; 5.314 ;
; INPUT[1]   ; OUTPUT[9]   ; 5.490 ;       ;       ; 5.490 ;
; INPUT[2]   ; OUTPUT[1]   ; 5.238 ;       ;       ; 5.238 ;
; INPUT[2]   ; OUTPUT[2]   ; 5.138 ;       ;       ; 5.138 ;
; INPUT[2]   ; OUTPUT[10]  ; 5.250 ;       ;       ; 5.250 ;
; INPUT[3]   ; OUTPUT[2]   ; 5.525 ;       ;       ; 5.525 ;
; INPUT[3]   ; OUTPUT[3]   ; 5.301 ;       ;       ; 5.301 ;
; INPUT[3]   ; OUTPUT[11]  ; 5.436 ;       ;       ; 5.436 ;
; INPUT[4]   ; OUTPUT[3]   ; 5.343 ;       ;       ; 5.343 ;
; INPUT[4]   ; OUTPUT[4]   ; 5.229 ;       ;       ; 5.229 ;
; INPUT[4]   ; OUTPUT[12]  ; 5.414 ;       ;       ; 5.414 ;
; INPUT[5]   ; OUTPUT[4]   ; 5.154 ;       ;       ; 5.154 ;
; INPUT[5]   ; OUTPUT[5]   ; 5.593 ;       ;       ; 5.593 ;
; INPUT[5]   ; OUTPUT[13]  ; 5.897 ;       ;       ; 5.897 ;
; INPUT[6]   ; OUTPUT[5]   ; 5.253 ;       ;       ; 5.253 ;
; INPUT[6]   ; OUTPUT[6]   ; 5.246 ;       ;       ; 5.246 ;
; INPUT[6]   ; OUTPUT[14]  ; 5.305 ;       ;       ; 5.305 ;
; INPUT[7]   ; OUTPUT[6]   ; 5.211 ;       ;       ; 5.211 ;
; INPUT[7]   ; OUTPUT[7]   ; 5.074 ;       ;       ; 5.074 ;
; INPUT[7]   ; OUTPUT[15]  ; 5.277 ;       ;       ; 5.277 ;
; INPUT[8]   ; OUTPUT[7]   ; 5.122 ;       ;       ; 5.122 ;
; INPUT[8]   ; OUTPUT[8]   ; 4.944 ;       ;       ; 4.944 ;
; INPUT[8]   ; OUTPUT[16]  ; 5.249 ;       ;       ; 5.249 ;
; INPUT[9]   ; OUTPUT[8]   ; 5.500 ;       ;       ; 5.500 ;
; INPUT[9]   ; OUTPUT[9]   ; 5.425 ;       ;       ; 5.425 ;
; INPUT[9]   ; OUTPUT[17]  ; 5.819 ;       ;       ; 5.819 ;
; INPUT[10]  ; OUTPUT[9]   ; 5.300 ;       ;       ; 5.300 ;
; INPUT[10]  ; OUTPUT[10]  ; 4.857 ;       ;       ; 4.857 ;
; INPUT[10]  ; OUTPUT[18]  ; 5.191 ;       ;       ; 5.191 ;
; INPUT[11]  ; OUTPUT[10]  ; 5.643 ;       ;       ; 5.643 ;
; INPUT[11]  ; OUTPUT[11]  ; 5.351 ;       ;       ; 5.351 ;
; INPUT[11]  ; OUTPUT[19]  ; 6.569 ;       ;       ; 6.569 ;
; INPUT[12]  ; OUTPUT[11]  ; 5.632 ;       ;       ; 5.632 ;
; INPUT[12]  ; OUTPUT[12]  ; 5.471 ;       ;       ; 5.471 ;
; INPUT[12]  ; OUTPUT[20]  ; 5.884 ;       ;       ; 5.884 ;
; INPUT[13]  ; OUTPUT[12]  ; 5.763 ;       ;       ; 5.763 ;
; INPUT[13]  ; OUTPUT[13]  ; 5.494 ;       ;       ; 5.494 ;
; INPUT[13]  ; OUTPUT[21]  ; 5.765 ;       ;       ; 5.765 ;
; INPUT[14]  ; OUTPUT[13]  ; 6.078 ;       ;       ; 6.078 ;
; INPUT[14]  ; OUTPUT[14]  ; 5.594 ;       ;       ; 5.594 ;
; INPUT[14]  ; OUTPUT[22]  ; 5.733 ;       ;       ; 5.733 ;
; INPUT[15]  ; OUTPUT[14]  ; 5.688 ;       ;       ; 5.688 ;
; INPUT[15]  ; OUTPUT[15]  ; 5.366 ;       ;       ; 5.366 ;
; INPUT[15]  ; OUTPUT[23]  ; 5.765 ;       ;       ; 5.765 ;
; INPUT[16]  ; OUTPUT[15]  ; 5.316 ;       ;       ; 5.316 ;
; INPUT[16]  ; OUTPUT[16]  ; 4.954 ;       ;       ; 4.954 ;
; INPUT[16]  ; OUTPUT[24]  ; 5.328 ;       ;       ; 5.328 ;
; INPUT[17]  ; OUTPUT[16]  ; 5.287 ;       ;       ; 5.287 ;
; INPUT[17]  ; OUTPUT[17]  ; 5.330 ;       ;       ; 5.330 ;
; INPUT[17]  ; OUTPUT[25]  ; 5.460 ;       ;       ; 5.460 ;
; INPUT[18]  ; OUTPUT[17]  ; 5.789 ;       ;       ; 5.789 ;
; INPUT[18]  ; OUTPUT[18]  ; 5.239 ;       ;       ; 5.239 ;
; INPUT[18]  ; OUTPUT[26]  ; 5.953 ;       ;       ; 5.953 ;
; INPUT[19]  ; OUTPUT[18]  ; 5.453 ;       ;       ; 5.453 ;
; INPUT[19]  ; OUTPUT[19]  ; 5.395 ;       ;       ; 5.395 ;
; INPUT[19]  ; OUTPUT[27]  ; 5.386 ;       ;       ; 5.386 ;
; INPUT[20]  ; OUTPUT[19]  ; 6.251 ;       ;       ; 6.251 ;
; INPUT[20]  ; OUTPUT[20]  ; 5.348 ;       ;       ; 5.348 ;
; INPUT[20]  ; OUTPUT[28]  ; 5.530 ;       ;       ; 5.530 ;
; INPUT[21]  ; OUTPUT[20]  ; 5.560 ;       ;       ; 5.560 ;
; INPUT[21]  ; OUTPUT[21]  ; 5.279 ;       ;       ; 5.279 ;
; INPUT[21]  ; OUTPUT[29]  ; 5.558 ;       ;       ; 5.558 ;
; INPUT[22]  ; OUTPUT[21]  ; 5.631 ;       ;       ; 5.631 ;
; INPUT[22]  ; OUTPUT[22]  ; 5.138 ;       ;       ; 5.138 ;
; INPUT[22]  ; OUTPUT[30]  ; 5.441 ;       ;       ; 5.441 ;
; INPUT[23]  ; OUTPUT[22]  ; 5.518 ;       ;       ; 5.518 ;
; INPUT[23]  ; OUTPUT[23]  ; 5.221 ;       ;       ; 5.221 ;
; INPUT[23]  ; OUTPUT[31]  ; 5.469 ;       ;       ; 5.469 ;
; INPUT[24]  ; OUTPUT[23]  ; 5.788 ;       ;       ; 5.788 ;
; INPUT[24]  ; OUTPUT[24]  ; 5.588 ;       ;       ; 5.588 ;
; INPUT[25]  ; OUTPUT[24]  ; 5.508 ;       ;       ; 5.508 ;
; INPUT[25]  ; OUTPUT[25]  ; 5.345 ;       ;       ; 5.345 ;
; INPUT[26]  ; OUTPUT[25]  ; 5.488 ;       ;       ; 5.488 ;
; INPUT[26]  ; OUTPUT[26]  ; 5.220 ;       ;       ; 5.220 ;
; INPUT[27]  ; OUTPUT[26]  ; 5.876 ;       ;       ; 5.876 ;
; INPUT[27]  ; OUTPUT[27]  ; 5.156 ;       ;       ; 5.156 ;
; INPUT[28]  ; OUTPUT[27]  ; 5.601 ;       ;       ; 5.601 ;
; INPUT[28]  ; OUTPUT[28]  ; 5.274 ;       ;       ; 5.274 ;
; INPUT[29]  ; OUTPUT[28]  ; 5.650 ;       ;       ; 5.650 ;
; INPUT[29]  ; OUTPUT[29]  ; 5.533 ;       ;       ; 5.533 ;
; INPUT[30]  ; OUTPUT[29]  ; 5.608 ;       ;       ; 5.608 ;
; INPUT[30]  ; OUTPUT[30]  ; 5.646 ;       ;       ; 5.646 ;
; INPUT[31]  ; OUTPUT[30]  ; 5.723 ;       ;       ; 5.723 ;
; INPUT[31]  ; OUTPUT[31]  ; 5.474 ;       ;       ; 5.474 ;
; SLL8       ; OUTPUT[0]   ; 5.596 ; 5.596 ; 5.596 ; 5.596 ;
; SLL8       ; OUTPUT[1]   ; 5.865 ; 5.865 ; 5.865 ; 5.865 ;
; SLL8       ; OUTPUT[2]   ; 5.765 ; 5.765 ; 5.765 ; 5.765 ;
; SLL8       ; OUTPUT[3]   ; 5.930 ; 5.930 ; 5.930 ; 5.930 ;
; SLL8       ; OUTPUT[4]   ; 5.734 ; 5.734 ; 5.734 ; 5.734 ;
; SLL8       ; OUTPUT[5]   ; 6.015 ; 6.015 ; 6.015 ; 6.015 ;
; SLL8       ; OUTPUT[6]   ; 6.015 ; 6.015 ; 6.015 ; 6.015 ;
; SLL8       ; OUTPUT[7]   ; 5.875 ; 5.875 ; 5.875 ; 5.875 ;
; SLL8       ; OUTPUT[8]   ; 5.604 ; 5.604 ; 5.604 ; 5.604 ;
; SLL8       ; OUTPUT[9]   ; 5.880 ; 5.880 ; 5.880 ; 5.880 ;
; SLL8       ; OUTPUT[10]  ; 5.592 ; 5.592 ; 5.592 ; 5.592 ;
; SLL8       ; OUTPUT[11]  ; 5.756 ; 5.756 ; 5.756 ; 5.756 ;
; SLL8       ; OUTPUT[12]  ; 5.753 ; 5.753 ; 5.753 ; 5.753 ;
; SLL8       ; OUTPUT[13]  ; 5.763 ; 5.763 ; 5.763 ; 5.763 ;
; SLL8       ; OUTPUT[14]  ; 5.910 ; 5.910 ; 5.910 ; 5.910 ;
; SLL8       ; OUTPUT[15]  ; 5.847 ; 5.847 ; 5.847 ; 5.847 ;
; SLL8       ; OUTPUT[16]  ; 5.703 ; 5.703 ; 5.703 ; 5.703 ;
; SLL8       ; OUTPUT[17]  ; 6.031 ; 6.031 ; 6.031 ; 6.031 ;
; SLL8       ; OUTPUT[18]  ; 5.709 ; 5.709 ; 5.709 ; 5.709 ;
; SLL8       ; OUTPUT[19]  ; 5.879 ; 5.879 ; 5.879 ; 5.879 ;
; SLL8       ; OUTPUT[20]  ; 5.798 ; 5.798 ; 5.798 ; 5.798 ;
; SLL8       ; OUTPUT[21]  ; 5.925 ; 5.925 ; 5.925 ; 5.925 ;
; SLL8       ; OUTPUT[22]  ; 5.812 ; 5.812 ; 5.812 ; 5.812 ;
; SLL8       ; OUTPUT[23]  ; 5.920 ; 5.920 ; 5.920 ; 5.920 ;
; SLL8       ; OUTPUT[24]  ; 5.930 ; 5.930 ; 5.930 ; 5.930 ;
; SLL8       ; OUTPUT[25]  ; 5.923 ; 5.923 ; 5.923 ; 5.923 ;
; SLL8       ; OUTPUT[26]  ; 5.912 ; 5.912 ; 5.912 ; 5.912 ;
; SLL8       ; OUTPUT[27]  ; 5.599 ; 5.599 ; 5.599 ; 5.599 ;
; SLL8       ; OUTPUT[28]  ; 5.821 ; 5.821 ; 5.821 ; 5.821 ;
; SLL8       ; OUTPUT[29]  ; 5.791 ; 5.791 ; 5.791 ; 5.791 ;
; SLL8       ; OUTPUT[30]  ; 6.171 ; 5.886 ; 5.886 ; 6.171 ;
; SLL8       ; OUTPUT[31]  ; 5.907 ; 5.907 ; 5.907 ; 5.907 ;
; SRA1       ; OUTPUT[0]   ; 5.619 ; 5.619 ; 5.619 ; 5.619 ;
; SRA1       ; OUTPUT[1]   ; 5.829 ; 5.829 ; 5.829 ; 5.829 ;
; SRA1       ; OUTPUT[2]   ; 5.661 ; 5.661 ; 5.661 ; 5.661 ;
; SRA1       ; OUTPUT[3]   ; 5.736 ; 5.736 ; 5.736 ; 5.736 ;
; SRA1       ; OUTPUT[4]   ; 5.746 ; 5.746 ; 5.746 ; 5.746 ;
; SRA1       ; OUTPUT[5]   ; 5.848 ; 5.848 ; 5.848 ; 5.848 ;
; SRA1       ; OUTPUT[6]   ; 5.846 ; 5.846 ; 5.846 ; 5.846 ;
; SRA1       ; OUTPUT[7]   ; 5.706 ; 5.706 ; 5.706 ; 5.706 ;
; SRA1       ; OUTPUT[8]   ; 5.501 ; 5.501 ; 5.501 ; 5.501 ;
; SRA1       ; OUTPUT[9]   ; 5.845 ; 5.845 ; 5.845 ; 5.845 ;
; SRA1       ; OUTPUT[10]  ; 5.487 ; 5.487 ; 5.487 ; 5.487 ;
; SRA1       ; OUTPUT[11]  ; 5.765 ; 5.765 ; 5.765 ; 5.765 ;
; SRA1       ; OUTPUT[12]  ; 5.638 ; 5.638 ; 5.638 ; 5.638 ;
; SRA1       ; OUTPUT[13]  ; 5.788 ; 5.788 ; 5.788 ; 5.788 ;
; SRA1       ; OUTPUT[14]  ; 5.740 ; 5.740 ; 5.740 ; 5.740 ;
; SRA1       ; OUTPUT[15]  ; 5.754 ; 5.754 ; 5.754 ; 5.754 ;
; SRA1       ; OUTPUT[16]  ; 5.536 ; 5.536 ; 5.536 ; 5.536 ;
; SRA1       ; OUTPUT[17]  ; 5.932 ; 5.932 ; 5.932 ; 5.932 ;
; SRA1       ; OUTPUT[18]  ; 5.681 ; 5.681 ; 5.681 ; 5.681 ;
; SRA1       ; OUTPUT[19]  ; 5.846 ; 5.846 ; 5.846 ; 5.846 ;
; SRA1       ; OUTPUT[20]  ; 5.750 ; 5.750 ; 5.750 ; 5.750 ;
; SRA1       ; OUTPUT[21]  ; 5.749 ; 5.749 ; 5.749 ; 5.749 ;
; SRA1       ; OUTPUT[22]  ; 5.638 ; 5.638 ; 5.638 ; 5.638 ;
; SRA1       ; OUTPUT[23]  ; 5.745 ; 5.745 ; 5.745 ; 5.745 ;
; SRA1       ; OUTPUT[24]  ; 5.762 ; 5.762 ; 5.762 ; 5.762 ;
; SRA1       ; OUTPUT[25]  ; 5.756 ; 5.756 ; 5.756 ; 5.756 ;
; SRA1       ; OUTPUT[26]  ; 5.618 ; 5.618 ; 5.618 ; 5.618 ;
; SRA1       ; OUTPUT[27]  ; 5.496 ; 5.496 ; 5.496 ; 5.496 ;
; SRA1       ; OUTPUT[28]  ; 5.646 ; 5.646 ; 5.646 ; 5.646 ;
; SRA1       ; OUTPUT[29]  ; 5.742 ; 5.742 ; 5.742 ; 5.742 ;
; SRA1       ; OUTPUT[30]  ; 5.837 ; 6.197 ; 6.197 ; 5.837 ;
; SRA1       ; OUTPUT[31]  ; 5.860 ; 5.860 ; 5.860 ; 5.860 ;
+------------+-------------+-------+-------+-------+-------+


-------------------
; Clock Transfers ;
-------------------
Nothing to report.


---------------
; Report TCCS ;
---------------
No dedicated SERDES Transmitter circuitry present in device or used in design


---------------
; Report RSKM ;
---------------
No dedicated SERDES Receiver circuitry present in device or used in design


+------------------------------------------------+
; Unconstrained Paths                            ;
+---------------------------------+-------+------+
; Property                        ; Setup ; Hold ;
+---------------------------------+-------+------+
; Illegal Clocks                  ; 0     ; 0    ;
; Unconstrained Clocks            ; 0     ; 0    ;
; Unconstrained Input Ports       ; 34    ; 34   ;
; Unconstrained Input Port Paths  ; 151   ; 151  ;
; Unconstrained Output Ports      ; 32    ; 32   ;
; Unconstrained Output Port Paths ; 151   ; 151  ;
+---------------------------------+-------+------+


+------------------------------------+
; TimeQuest Timing Analyzer Messages ;
+------------------------------------+
Info: *******************************************************************
Info: Running Quartus II 64-Bit TimeQuest Timing Analyzer
    Info: Version 13.0.1 Build 232 06/12/2013 Service Pack 1 SJ Web Edition
    Info: Processing started: Thu Jun 26 15:38:47 2025
Info: Command: quartus_sta MIC1 -c MIC1
Info: qsta_default_script.tcl version: #1
Warning (20028): Parallel compilation is not licensed and has been disabled
Critical Warning (332012): Synopsys Design Constraints File file not found: 'MIC1.sdc'. A Synopsys Design Constraints File is required by the TimeQuest Timing Analyzer to get proper timing constraints. Without it, the Compiler will not properly optimize the design.
Info (332142): No user constrained base clocks found in the design. Calling "derive_clocks -period 1.0"
Info (332096): The command derive_clocks did not find any clocks to derive.  No clocks were created or changed.
Warning (332068): No clocks defined in design.
Info: Found TIMEQUEST_REPORT_SCRIPT_INCLUDE_DEFAULT_ANALYSIS = ON
Info (332159): No clocks to report
Info: Analyzing Slow Model
Info (332140): No fmax paths to report
Info (332140): No Setup paths to report
Info (332140): No Hold paths to report
Info (332140): No Recovery paths to report
Info (332140): No Removal paths to report
Info (332140): No Minimum Pulse Width paths to report
Info (332001): The selected device family is not supported by the report_metastability command.
Info: Analyzing Fast Model
Info (332142): No user constrained base clocks found in the design. Calling "derive_clocks -period 1.0"
Info (332096): The command derive_clocks did not find any clocks to derive.  No clocks were created or changed.
Warning (332068): No clocks defined in design.
Info (332140): No Setup paths to report
Info (332140): No Hold paths to report
Info (332140): No Recovery paths to report
Info (332140): No Removal paths to report
Info (332140): No Minimum Pulse Width paths to report
Info (332001): The selected device family is not supported by the report_metastability command.
Info (332102): Design is not fully constrained for setup requirements
Info (332102): Design is not fully constrained for hold requirements
Info: Quartus II 64-Bit TimeQuest Timing Analyzer was successful. 0 errors, 4 warnings
    Info: Peak virtual memory: 4535 megabytes
    Info: Processing ended: Thu Jun 26 15:38:48 2025
    Info: Elapsed time: 00:00:01
    Info: Total CPU time (on all processors): 00:00:01


